Starting pair 57 on compute-0-3.local at Wed  4 Mar 00:42:11 GMT 2026
CPUs: 10, Temp: /tmp/re2d_57
Workers: 10
Found 12 protein families: ['PF00004', 'PF00041', 'PF00072', 'PF00076', 'PF00096', 'PF00153', 'PF00271', 'PF00397', 'PF00512', 'PF00595', 'PF02518', 'PF07679']
Total pairs: 66

Pair 57: PF00397 x PF00595
Temp dir: /tmp/re2d_57

Loading DCA parameters and natural energies...
Data loaded in 0.8s
  PF00397: 28 AA (84 nt)
  PF00595: 71 AA (213 nt)
  PF00397 natural energy: mean=34.45, std=7.29
  PF00595 natural energy: mean=87.53, std=17.89

Overlap lengths: [78, 77, 76] (frames [0, 2, 1])

JIT warmup...
JIT warmup done in 5.5s
No checkpoint found, starting fresh

============================================================
Overlap 78 nt (frame 0) [1/3]
============================================================
Finished pair 57 at Wed  4 Mar 00:50:08 GMT 2026
