Starting pair 31 on compute-0-3.local at Wed  4 Mar 00:16:49 GMT 2026
CPUs: 10, Temp: /tmp/re2d_31
Workers: 10
Found 12 protein families: ['PF00004', 'PF00041', 'PF00072', 'PF00076', 'PF00096', 'PF00153', 'PF00271', 'PF00397', 'PF00512', 'PF00595', 'PF02518', 'PF07679']
Total pairs: 66

Pair 31: PF00076 x PF00153
Temp dir: /tmp/re2d_31

Loading DCA parameters and natural energies...
Data loaded in 1.9s
  PF00076: 59 AA (177 nt)
  PF00153: 85 AA (255 nt)
  PF00076 natural energy: mean=80.85, std=17.50
  PF00153 natural energy: mean=92.55, std=25.62

Overlap lengths: [171, 170, 169] (frames [0, 2, 1])

JIT warmup...
JIT warmup done in 21.6s
No checkpoint found, starting fresh

============================================================
Overlap 171 nt (frame 0) [1/3]
============================================================

SIGTERM received — saving checkpoint to /home/xzccaogk/OverlappingGenes/results_re2d/PF00076_PF00153_checkpoint.pkl
Finished pair 31 at Wed  4 Mar 00:30:16 GMT 2026
