Starting pair 21 on compute-0-2.local at Tue  3 Mar 23:41:06 GMT 2026
CPUs: 10, Temp: /tmp/re2d_21
Workers: 10
Found 12 protein families: ['PF00004', 'PF00041', 'PF00072', 'PF00076', 'PF00096', 'PF00153', 'PF00271', 'PF00397', 'PF00512', 'PF00595', 'PF02518', 'PF07679']
Total pairs: 66

Pair 21: PF00072 x PF00076
Temp dir: /tmp/re2d_21

Loading DCA parameters and natural energies...
Data loaded in 5.3s
  PF00072: 108 AA (324 nt)
  PF00076: 59 AA (177 nt)
  PF00072 natural energy: mean=201.37, std=29.97
  PF00076 natural energy: mean=80.85, std=17.50

Overlap lengths: [171, 170, 169] (frames [0, 2, 1])

JIT warmup...
JIT warmup done in 6.6s
No checkpoint found, starting fresh

============================================================
Overlap 171 nt (frame 0) [1/3]
============================================================
  Repeat 1/10 done in 1097.8s (z_min=0.637, wass_min=10.40)
  Repeat 2/10 done in 999.8s (z_min=0.703, wass_min=10.55)
  Repeat 3/10 done in 998.4s (z_min=0.669, wass_min=8.55)
  Repeat 4/10 done in 1010.6s (z_min=0.644, wass_min=11.72)
  Repeat 5/10 done in 1019.9s (z_min=0.617, wass_min=10.75)
Finished pair 21 at Wed  4 Mar 01:21:20 GMT 2026
