Starting pair 43 on compute-0-5.local at Wed  4 Mar 00:33:05 GMT 2026
CPUs: 10, Temp: /tmp/re2d_43
Workers: 10
Found 12 protein families: ['PF00004', 'PF00041', 'PF00072', 'PF00076', 'PF00096', 'PF00153', 'PF00271', 'PF00397', 'PF00512', 'PF00595', 'PF02518', 'PF07679']
Total pairs: 66

Pair 43: PF00096 x PF02518
Temp dir: /tmp/re2d_43

Loading DCA parameters and natural energies...
Data loaded in 2.2s
  PF00096: 23 AA (69 nt)
  PF02518: 101 AA (303 nt)
  PF00096 natural energy: mean=16.44, std=5.23
  PF02518 natural energy: mean=186.84, std=26.05

Overlap lengths: [63, 62, 61] (frames [0, 2, 1])

JIT warmup...
JIT warmup done in 7.5s
No checkpoint found, starting fresh

============================================================
Overlap 63 nt (frame 0) [1/3]
============================================================
  Repeat 1/10 done in 781.7s (z_min=0.932, wass_min=5.47)
  Repeat 2/10 done in 743.3s (z_min=0.933, wass_min=5.55)
Finished pair 43 at Wed  4 Mar 01:05:15 GMT 2026
