Starting pair 15 on compute-0-2.local at Tue  3 Mar 23:41:04 GMT 2026
CPUs: 10, Temp: /tmp/re2d_15
Workers: 10
Found 12 protein families: ['PF00004', 'PF00041', 'PF00072', 'PF00076', 'PF00096', 'PF00153', 'PF00271', 'PF00397', 'PF00512', 'PF00595', 'PF02518', 'PF07679']
Total pairs: 66

Pair 15: PF00041 x PF00271
Temp dir: /tmp/re2d_15

Loading DCA parameters and natural energies...
Data loaded in 5.2s
  PF00041: 74 AA (222 nt)
  PF00271: 95 AA (285 nt)
  PF00041 natural energy: mean=120.66, std=17.64
  PF00271 natural energy: mean=149.58, std=27.18

Overlap lengths: [216, 215, 214] (frames [0, 2, 1])

JIT warmup...
JIT warmup done in 6.7s
No checkpoint found, starting fresh

============================================================
Overlap 216 nt (frame 0) [1/3]
============================================================
  Repeat 1/10 done in 1113.4s (z_min=0.571, wass_min=11.20)
  Repeat 2/10 done in 1103.6s (z_min=0.568, wass_min=10.88)
Finished pair 15 at Wed  4 Mar 00:35:55 GMT 2026
