Starting pair 41 on compute-0-5.local at Wed  4 Mar 00:33:05 GMT 2026
CPUs: 10, Temp: /tmp/re2d_41
Workers: 10
Found 12 protein families: ['PF00004', 'PF00041', 'PF00072', 'PF00076', 'PF00096', 'PF00153', 'PF00271', 'PF00397', 'PF00512', 'PF00595', 'PF02518', 'PF07679']
Total pairs: 66

Pair 41: PF00096 x PF00512
Temp dir: /tmp/re2d_41

Loading DCA parameters and natural energies...
Data loaded in 1.6s
  PF00096: 23 AA (69 nt)
  PF00512: 62 AA (186 nt)
  PF00096 natural energy: mean=16.44, std=5.23
  PF00512 natural energy: mean=105.72, std=17.69

Overlap lengths: [63, 62, 61] (frames [0, 2, 1])

JIT warmup...
JIT warmup done in 8.1s
No checkpoint found, starting fresh

============================================================
Overlap 63 nt (frame 0) [1/3]
============================================================
  Repeat 1/10 done in 600.4s (z_min=0.891, wass_min=4.36)
Finished pair 41 at Wed  4 Mar 00:49:05 GMT 2026
