Starting pair 35 on compute-0-3.local at Wed  4 Mar 00:28:52 GMT 2026
CPUs: 10, Temp: /tmp/re2d_35
Workers: 10
Found 12 protein families: ['PF00004', 'PF00041', 'PF00072', 'PF00076', 'PF00096', 'PF00153', 'PF00271', 'PF00397', 'PF00512', 'PF00595', 'PF02518', 'PF07679']
Total pairs: 66

Pair 35: PF00076 x PF00595
Temp dir: /tmp/re2d_35

Loading DCA parameters and natural energies...
Data loaded in 1.4s
  PF00076: 59 AA (177 nt)
  PF00595: 71 AA (213 nt)
  PF00076 natural energy: mean=80.85, std=17.50
  PF00595 natural energy: mean=87.53, std=17.89

Overlap lengths: [171, 170, 169] (frames [0, 2, 1])

JIT warmup...
JIT warmup done in 6.3s
No checkpoint found, starting fresh

============================================================
Overlap 171 nt (frame 0) [1/3]
============================================================
Finished pair 35 at Wed  4 Mar 00:40:45 GMT 2026
