Exception ignored in atexit callback <function _exit_function at 0x7fa928601260>:
Traceback (most recent call last):
  File "/home/xzccaogk/miniforge3/lib/python3.13/multiprocessing/util.py", line 405, in _exit_function
Exception ignored in atexit callback <function _exit_function at 0x7fa928601260>:
Traceback (most recent call last):
  File "/home/xzccaogk/miniforge3/lib/python3.13/multiprocessing/util.py", line 405, in _exit_function
Exception ignored in atexit callback <function _exit_function at 0x7fa928601260>:
Traceback (most recent call last):
  File "/home/xzccaogk/miniforge3/lib/python3.13/multiprocessing/util.py", line 403, in _exit_function
    _run_finalizers(0)
  File "/home/xzccaogk/miniforge3/lib/python3.13/multiprocessing/util.py", line 339, in _run_finalizers
    def _run_finalizers(minpriority=None):
  File "/home/xzccaogk/OverlappingGenes/re_2d_cluster.py", line 440, in sigterm_handler
    sys.exit(0)
SystemExit: 0
    _run_finalizers(0)
  File "/home/xzccaogk/miniforge3/lib/python3.13/multiprocessing/util.py", line 362, in _run_finalizers
    info('process shutting down')
  File "/home/xzccaogk/miniforge3/lib/python3.13/multiprocessing/util.py", line 53, in info
    keys = [key for key in list(_finalizer_registry) if f(key)]
  File "/home/xzccaogk/OverlappingGenes/re_2d_cluster.py", line 438, in sigterm_handler
    def info(msg, *args):
  File "/home/xzccaogk/OverlappingGenes/re_2d_cluster.py", line 438, in sigterm_handler
    save_checkpoint(ckpt_path, data)
  File "/home/xzccaogk/OverlappingGenes/re_2d_cluster.py", line 181, in save_checkpoint
    save_checkpoint(ckpt_path, data)
    os.replace(tmp_path, ckpt_path)
  File "/home/xzccaogk/OverlappingGenes/re_2d_cluster.py", line 181, in save_checkpoint
FileNotFoundError: [Errno 2] No such file or directory: '/home/xzccaogk/OverlappingGenes/results_re2d/PF00072_PF02518_checkpoint.pkl.tmp' -> '/home/xzccaogk/OverlappingGenes/results_re2d/PF00072_PF02518_checkpoint.pkl'
    os.replace(tmp_path, ckpt_path)
FileNotFoundError: [Errno 2] No such file or directory: '/home/xzccaogk/OverlappingGenes/results_re2d/PF00072_PF02518_checkpoint.pkl.tmp' -> '/home/xzccaogk/OverlappingGenes/results_re2d/PF00072_PF02518_checkpoint.pkl'
/var/spool/slurmd/job41118/slurm_script: line 38: 135208 Bus error               python "${SCRIPT_DIR}/re_2d_cluster.py" --pair-index "${SLURM_ARRAY_TASK_ID}" --workers "${SLURM_CPUS_PER_TASK}" --output-dir "${OUTPUT_DIR}" --data-dir "${DATA_DIR}" --resume
