Starting pair 51 on compute-0-5.local at Wed  4 Mar 00:33:05 GMT 2026
CPUs: 10, Temp: /tmp/re2d_51
Workers: 10
Found 12 protein families: ['PF00004', 'PF00041', 'PF00072', 'PF00076', 'PF00096', 'PF00153', 'PF00271', 'PF00397', 'PF00512', 'PF00595', 'PF02518', 'PF07679']
Total pairs: 66

Pair 51: PF00271 x PF00397
Temp dir: /tmp/re2d_51

Loading DCA parameters and natural energies...
Data loaded in 1.4s
  PF00271: 95 AA (285 nt)
  PF00397: 28 AA (84 nt)
  PF00271 natural energy: mean=149.58, std=27.18
  PF00397 natural energy: mean=34.45, std=7.29

Overlap lengths: [78, 77, 76] (frames [0, 2, 1])

JIT warmup...
JIT warmup done in 8.3s
No checkpoint found, starting fresh

============================================================
Overlap 78 nt (frame 0) [1/3]
============================================================
  Repeat 1/10 done in 512.4s (z_min=0.531, wass_min=8.60)
  Repeat 2/10 done in 451.7s (z_min=0.508, wass_min=8.49)
Finished pair 51 at Wed  4 Mar 00:55:18 GMT 2026
