Exception ignored in atexit callback <function _exit_function at 0x7f1559375260>:
Traceback (most recent call last):
  File "/home/xzccaogk/miniforge3/lib/python3.13/multiprocessing/util.py", line 391, in _exit_function
    def _exit_function(info=info, debug=debug, _run_finalizers=_run_finalizers,
  File "/home/xzccaogk/OverlappingGenes/re_2d_cluster.py", line 440, in sigterm_handler
    sys.exit(0)
SystemExit: 0
Exception ignored in atexit callback <function _exit_function at 0x7f1559375260>:
Traceback (most recent call last):
  File "/home/xzccaogk/miniforge3/lib/python3.13/multiprocessing/util.py", line 407, in _exit_function
    if current_process() is not None:
  File "/home/xzccaogk/miniforge3/lib/python3.13/multiprocessing/process.py", line 37, in current_process
    def current_process():
  File "/home/xzccaogk/OverlappingGenes/re_2d_cluster.py", line 440, in sigterm_handler
    sys.exit(0)
SystemExit: 0
Exception ignored in atexit callback <function _exit_function at 0x7f1559375260>:
Traceback (most recent call last):
  File "/home/xzccaogk/miniforge3/lib/python3.13/multiprocessing/util.py", line 405, in _exit_function
Exception ignored in atexit callback <function _exit_function at 0x7f1559375260>:
Traceback (most recent call last):
  File "/home/xzccaogk/miniforge3/lib/python3.13/multiprocessing/util.py", line 405, in _exit_function
    _run_finalizers(0)
  File "/home/xzccaogk/miniforge3/lib/python3.13/multiprocessing/util.py", line 363, in _run_finalizers
    _run_finalizers(0)
  File "/home/xzccaogk/miniforge3/lib/python3.13/multiprocessing/util.py", line 362, in _run_finalizers
    keys.sort(reverse=True)
  File "/home/xzccaogk/OverlappingGenes/re_2d_cluster.py", line 440, in sigterm_handler
    keys = [key for key in list(_finalizer_registry) if f(key)]
  File "/home/xzccaogk/OverlappingGenes/re_2d_cluster.py", line 438, in sigterm_handler
    sys.exit(0)
SystemExit: 0
    save_checkpoint(ckpt_path, data)
  File "/home/xzccaogk/OverlappingGenes/re_2d_cluster.py", line 181, in save_checkpoint
    os.replace(tmp_path, ckpt_path)
FileNotFoundError: [Errno 2] No such file or directory: '/home/xzccaogk/OverlappingGenes/results_re2d/PF00096_PF02518_checkpoint.pkl.tmp' -> '/home/xzccaogk/OverlappingGenes/results_re2d/PF00096_PF02518_checkpoint.pkl'
/var/spool/slurmd/job41136/slurm_script: line 38: 46414 Bus error               python "${SCRIPT_DIR}/re_2d_cluster.py" --pair-index "${SLURM_ARRAY_TASK_ID}" --workers "${SLURM_CPUS_PER_TASK}" --output-dir "${OUTPUT_DIR}" --data-dir "${DATA_DIR}" --resume
