Starting pair 47 on compute-0-5.local at Wed  4 Mar 00:33:05 GMT 2026
CPUs: 10, Temp: /tmp/re2d_47
Workers: 10
Found 12 protein families: ['PF00004', 'PF00041', 'PF00072', 'PF00076', 'PF00096', 'PF00153', 'PF00271', 'PF00397', 'PF00512', 'PF00595', 'PF02518', 'PF07679']
Total pairs: 66

Pair 47: PF00153 x PF00512
Temp dir: /tmp/re2d_47

Loading DCA parameters and natural energies...
Data loaded in 1.4s
  PF00153: 85 AA (255 nt)
  PF00512: 62 AA (186 nt)
  PF00153 natural energy: mean=92.55, std=25.62
  PF00512 natural energy: mean=105.72, std=17.69

Overlap lengths: [180, 179, 178] (frames [0, 2, 1])

JIT warmup...
JIT warmup done in 8.2s
No checkpoint found, starting fresh

============================================================
Overlap 180 nt (frame 0) [1/3]
============================================================
  Repeat 1/10 done in 577.4s (z_min=0.358, wass_min=10.68)
Finished pair 47 at Wed  4 Mar 00:51:44 GMT 2026
