Starting pair 12 on compute-0-2.local at Tue  3 Mar 23:41:03 GMT 2026
CPUs: 10, Temp: /tmp/re2d_12
Workers: 10
Found 12 protein families: ['PF00004', 'PF00041', 'PF00072', 'PF00076', 'PF00096', 'PF00153', 'PF00271', 'PF00397', 'PF00512', 'PF00595', 'PF02518', 'PF07679']
Total pairs: 66

Pair 12: PF00041 x PF00076
Temp dir: /tmp/re2d_12

Loading DCA parameters and natural energies...
Data loaded in 5.0s
  PF00041: 74 AA (222 nt)
  PF00076: 59 AA (177 nt)
  PF00041 natural energy: mean=120.66, std=17.64
  PF00076 natural energy: mean=80.85, std=17.50

Overlap lengths: [171, 170, 169] (frames [0, 2, 1])

JIT warmup...
JIT warmup done in 6.9s
No checkpoint found, starting fresh

============================================================
Overlap 171 nt (frame 0) [1/3]
============================================================
  Repeat 1/10 done in 949.3s (z_min=0.660, wass_min=7.89)

SIGTERM received — saving checkpoint to /home/xzccaogk/OverlappingGenes/results_re2d/PF00041_PF00076_checkpoint.pkl
Checkpoint saved. Exiting.
  Repeat 2/10 done in 831.4s (z_min=0.641, wass_min=6.96)

SIGTERM received — saving checkpoint to /home/xzccaogk/OverlappingGenes/results_re2d/PF00041_PF00076_checkpoint.pkl
Checkpoint saved. Exiting.
  Repeat 3/10 done in 816.8s (z_min=0.690, wass_min=7.49)

SIGTERM received — saving checkpoint to /home/xzccaogk/OverlappingGenes/results_re2d/PF00041_PF00076_checkpoint.pkl
Checkpoint saved. Exiting.
Finished pair 12 at Wed  4 Mar 00:38:03 GMT 2026
