Starting pair 10 on compute-0-3.local at Tue  3 Mar 23:41:03 GMT 2026
CPUs: 10, Temp: /tmp/re2d_10
Workers: 10
Found 12 protein families: ['PF00004', 'PF00041', 'PF00072', 'PF00076', 'PF00096', 'PF00153', 'PF00271', 'PF00397', 'PF00512', 'PF00595', 'PF02518', 'PF07679']
Total pairs: 66

Pair 10: PF00004 x PF07679
Temp dir: /tmp/re2d_10

Loading DCA parameters and natural energies...
Data loaded in 5.5s
  PF00004: 110 AA (330 nt)
  PF07679: 76 AA (228 nt)
  PF00004 natural energy: mean=145.88, std=38.25
  PF07679 natural energy: mean=63.66, std=19.08

Overlap lengths: [222, 221, 220] (frames [0, 2, 1])

JIT warmup...
JIT warmup done in 6.7s
No checkpoint found, starting fresh

============================================================
Overlap 222 nt (frame 0) [1/3]
============================================================
  Repeat 1/10 done in 1071.6s (z_min=0.463, wass_min=17.80)
  Repeat 2/10 done in 1041.6s (z_min=0.409, wass_min=17.07)
Finished pair 10 at Wed  4 Mar 00:33:55 GMT 2026
