Exception ignored in atexit callback <function _exit_function at 0x7fabbfe49260>:
Traceback (most recent call last):
  File "/home/xzccaogk/miniforge3/lib/python3.13/multiprocessing/util.py", line 405, in _exit_function
    _run_finalizers(0)
  File "/home/xzccaogk/miniforge3/lib/python3.13/multiprocessing/util.py", line 363, in _run_finalizers
    keys.sort(reverse=True)
  File "/home/xzccaogk/OverlappingGenes/re_2d_cluster.py", line 440, in sigterm_handler
    sys.exit(0)
SystemExit: 0
Exception ignored in atexit callback <function _exit_function at 0x7fabbfe49260>:
Traceback (most recent call last):
  File "/home/xzccaogk/miniforge3/lib/python3.13/multiprocessing/util.py", line 405, in _exit_function
Process ForkPoolWorker-31:
    _run_finalizers(0)
  File "/home/xzccaogk/miniforge3/lib/python3.13/multiprocessing/util.py", line 339, in _run_finalizers
    def _run_finalizers(minpriority=None):
  File "/home/xzccaogk/OverlappingGenes/re_2d_cluster.py", line 440, in sigterm_handler
    sys.exit(0)
SystemExit: 0
Traceback (most recent call last):
  File "/home/xzccaogk/miniforge3/lib/python3.13/multiprocessing/process.py", line 313, in _bootstrap
    self.run()
    ~~~~~~~~^^
  File "/home/xzccaogk/miniforge3/lib/python3.13/multiprocessing/process.py", line 108, in run
    self._target(*self._args, **self._kwargs)
    ~~~~~~~~~~~~^^^^^^^^^^^^^^^^^^^^^^^^^^^^^
  File "/home/xzccaogk/miniforge3/lib/python3.13/multiprocessing/pool.py", line 140, in worker
    util.debug('worker exiting after %d tasks' % completed)
               ~~~~~~~~~~~~~~~~~~~~~~~~~~~~~~~~^~~~~~~~~~~
  File "/home/xzccaogk/OverlappingGenes/re_2d_cluster.py", line 438, in sigterm_handler
    save_checkpoint(ckpt_path, data)
    ~~~~~~~~~~~~~~~^^^^^^^^^^^^^^^^^
  File "/home/xzccaogk/OverlappingGenes/re_2d_cluster.py", line 181, in save_checkpoint
    os.replace(tmp_path, ckpt_path)
    ~~~~~~~~~~^^^^^^^^^^^^^^^^^^^^^
FileNotFoundError: [Errno 2] No such file or directory: '/home/xzccaogk/OverlappingGenes/results_re2d/PF00041_PF00397_checkpoint.pkl.tmp' -> '/home/xzccaogk/OverlappingGenes/results_re2d/PF00041_PF00397_checkpoint.pkl'
Exception ignored in atexit callback <function _exit_function at 0x7fabbfe49260>:
Traceback (most recent call last):
  File "/home/xzccaogk/miniforge3/lib/python3.13/multiprocessing/util.py", line 391, in _exit_function
    def _exit_function(info=info, debug=debug, _run_finalizers=_run_finalizers,
  File "/home/xzccaogk/OverlappingGenes/re_2d_cluster.py", line 440, in sigterm_handler
    sys.exit(0)
SystemExit: 0
/var/spool/slurmd/job41106/slurm_script: line 38: 93182 Bus error               python "${SCRIPT_DIR}/re_2d_cluster.py" --pair-index "${SLURM_ARRAY_TASK_ID}" --workers "${SLURM_CPUS_PER_TASK}" --output-dir "${OUTPUT_DIR}" --data-dir "${DATA_DIR}" --resume
