Starting pair 27 on compute-0-0.local at Wed  4 Mar 00:15:30 GMT 2026
CPUs: 10, Temp: /tmp/re2d_27
Workers: 10
Found 12 protein families: ['PF00004', 'PF00041', 'PF00072', 'PF00076', 'PF00096', 'PF00153', 'PF00271', 'PF00397', 'PF00512', 'PF00595', 'PF02518', 'PF07679']
Total pairs: 66

Pair 27: PF00072 x PF00595
Temp dir: /tmp/re2d_27

Loading DCA parameters and natural energies...
Data loaded in 5.2s
  PF00072: 108 AA (324 nt)
  PF00595: 71 AA (213 nt)
  PF00072 natural energy: mean=201.37, std=29.97
  PF00595 natural energy: mean=87.53, std=17.89

Overlap lengths: [207, 206, 205] (frames [0, 2, 1])

JIT warmup...
JIT warmup done in 45.6s
No checkpoint found, starting fresh

============================================================
Overlap 207 nt (frame 0) [1/3]
============================================================
  Repeat 1/10 done in 1614.1s (z_min=0.437, wass_min=11.15)
  Repeat 2/10 done in 1482.9s (z_min=0.413, wass_min=10.68)
  Repeat 3/10 done in 1347.2s (z_min=0.432, wass_min=11.55)
  Repeat 4/10 done in 1297.4s (z_min=0.505, wass_min=11.77)
  Repeat 5/10 done in 1095.6s (z_min=0.473, wass_min=10.70)
  Repeat 6/10 done in 1053.6s (z_min=0.560, wass_min=12.28)
  Repeat 7/10 done in 1017.1s (z_min=0.426, wass_min=9.60)
  Repeat 8/10 done in 1023.3s (z_min=0.424, wass_min=11.72)
  Repeat 9/10 done in 1034.0s (z_min=0.476, wass_min=9.71)
Finished pair 27 at Wed  4 Mar 03:36:23 GMT 2026
