Starting pair 16 on compute-0-2.local at Tue  3 Mar 23:41:05 GMT 2026
CPUs: 10, Temp: /tmp/re2d_16
Workers: 10
Found 12 protein families: ['PF00004', 'PF00041', 'PF00072', 'PF00076', 'PF00096', 'PF00153', 'PF00271', 'PF00397', 'PF00512', 'PF00595', 'PF02518', 'PF07679']
Total pairs: 66

Pair 16: PF00041 x PF00397
Temp dir: /tmp/re2d_16

Loading DCA parameters and natural energies...
Data loaded in 4.6s
  PF00041: 74 AA (222 nt)
  PF00397: 28 AA (84 nt)
  PF00041 natural energy: mean=120.66, std=17.64
  PF00397 natural energy: mean=34.45, std=7.29

Overlap lengths: [78, 77, 76] (frames [0, 2, 1])

JIT warmup...
JIT warmup done in 7.3s
No checkpoint found, starting fresh

============================================================
Overlap 78 nt (frame 0) [1/3]
============================================================
  Repeat 1/10 done in 717.2s (z_min=0.925, wass_min=3.94)
  Repeat 2/10 done in 601.0s (z_min=0.921, wass_min=3.68)
  Repeat 3/10 done in 630.8s (z_min=0.939, wass_min=3.66)

SIGTERM received — saving checkpoint to /home/xzccaogk/OverlappingGenes/results_re2d/PF00041_PF00397_checkpoint.pkl
  Repeat 4/10 done in 599.3s (z_min=0.911, wass_min=3.83)
  Repeat 5/10 done in 673.2s (z_min=0.907, wass_min=3.49)
Finished pair 16 at Wed  4 Mar 00:46:17 GMT 2026
