Starting pair 63 on compute-0-5.local at Wed  4 Mar 00:46:26 GMT 2026
CPUs: 10, Temp: /tmp/re2d_63
Workers: 10
Found 12 protein families: ['PF00004', 'PF00041', 'PF00072', 'PF00076', 'PF00096', 'PF00153', 'PF00271', 'PF00397', 'PF00512', 'PF00595', 'PF02518', 'PF07679']
Total pairs: 66

Pair 63: PF00595 x PF02518
Temp dir: /tmp/re2d_63

Loading DCA parameters and natural energies...
Data loaded in 1.1s
  PF00595: 71 AA (213 nt)
  PF02518: 101 AA (303 nt)
  PF00595 natural energy: mean=87.53, std=17.89
  PF02518 natural energy: mean=186.84, std=26.05

Overlap lengths: [207, 206, 205] (frames [0, 2, 1])

JIT warmup...
JIT warmup done in 3.4s
No checkpoint found, starting fresh

============================================================
Overlap 207 nt (frame 0) [1/3]
============================================================
  Repeat 1/10 done in 598.5s (z_min=0.351, wass_min=10.50)
  Repeat 2/10 done in 508.9s (z_min=0.307, wass_min=11.40)
  Repeat 3/10 done in 500.4s (z_min=0.281, wass_min=11.82)
  Repeat 4/10 done in 508.7s (z_min=0.396, wass_min=11.53)
  Repeat 5/10 done in 515.2s (z_min=0.316, wass_min=9.38)
  Repeat 6/10 done in 507.8s (z_min=0.352, wass_min=11.74)
  Repeat 7/10 done in 498.3s (z_min=0.273, wass_min=11.53)
  Repeat 8/10 done in 569.0s (z_min=0.340, wass_min=9.84)
  Repeat 9/10 done in 514.2s (z_min=0.247, wass_min=12.41)
Finished pair 63 at Wed  4 Mar 02:12:22 GMT 2026
