Starting pair 40 on compute-0-5.local at Wed  4 Mar 00:33:04 GMT 2026
CPUs: 10, Temp: /tmp/re2d_40
Workers: 10
Found 12 protein families: ['PF00004', 'PF00041', 'PF00072', 'PF00076', 'PF00096', 'PF00153', 'PF00271', 'PF00397', 'PF00512', 'PF00595', 'PF02518', 'PF07679']
Total pairs: 66

Pair 40: PF00096 x PF00397
Temp dir: /tmp/re2d_40

Loading DCA parameters and natural energies...
Data loaded in 1.4s
  PF00096: 23 AA (69 nt)
  PF00397: 28 AA (84 nt)
  PF00096 natural energy: mean=16.44, std=5.23
  PF00397 natural energy: mean=34.45, std=7.29

Overlap lengths: [63, 62, 61] (frames [0, 2, 1])

JIT warmup...
JIT warmup done in 8.3s
No checkpoint found, starting fresh

============================================================
Overlap 63 nt (frame 0) [1/3]
============================================================
  Repeat 1/10 done in 478.0s (z_min=1.013, wass_min=4.48)
Finished pair 40 at Wed  4 Mar 00:44:39 GMT 2026
