Starting pair 25 on compute-0-0.local at Wed  4 Mar 00:15:30 GMT 2026
CPUs: 10, Temp: /tmp/re2d_25
Workers: 10
Found 12 protein families: ['PF00004', 'PF00041', 'PF00072', 'PF00076', 'PF00096', 'PF00153', 'PF00271', 'PF00397', 'PF00512', 'PF00595', 'PF02518', 'PF07679']
Total pairs: 66

Pair 25: PF00072 x PF00397
Temp dir: /tmp/re2d_25

Loading DCA parameters and natural energies...
Data loaded in 4.9s
  PF00072: 108 AA (324 nt)
  PF00397: 28 AA (84 nt)
  PF00072 natural energy: mean=201.37, std=29.97
  PF00397 natural energy: mean=34.45, std=7.29

Overlap lengths: [78, 77, 76] (frames [0, 2, 1])

JIT warmup...
JIT warmup done in 45.8s
No checkpoint found, starting fresh

============================================================
Overlap 78 nt (frame 0) [1/3]
============================================================
  Repeat 1/10 done in 1125.3s (z_min=0.736, wass_min=8.31)
  Repeat 2/10 done in 1048.8s (z_min=0.731, wass_min=8.25)
Finished pair 25 at Wed  4 Mar 01:10:13 GMT 2026
