Starting pair 59 on compute-0-5.local at Wed  4 Mar 00:44:26 GMT 2026
CPUs: 10, Temp: /tmp/re2d_59
Workers: 10
Found 12 protein families: ['PF00004', 'PF00041', 'PF00072', 'PF00076', 'PF00096', 'PF00153', 'PF00271', 'PF00397', 'PF00512', 'PF00595', 'PF02518', 'PF07679']
Total pairs: 66

Pair 59: PF00397 x PF07679
Temp dir: /tmp/re2d_59

Loading DCA parameters and natural energies...
Data loaded in 0.5s
  PF00397: 28 AA (84 nt)
  PF07679: 76 AA (228 nt)
  PF00397 natural energy: mean=34.45, std=7.29
  PF07679 natural energy: mean=63.66, std=19.08

Overlap lengths: [78, 77, 76] (frames [0, 2, 1])

JIT warmup...
JIT warmup done in 3.3s
No checkpoint found, starting fresh

============================================================
Overlap 78 nt (frame 0) [1/3]
============================================================
Finished pair 59 at Wed  4 Mar 00:51:12 GMT 2026
