Starting pair 55 on compute-0-3.local at Wed  4 Mar 00:40:46 GMT 2026
CPUs: 10, Temp: /tmp/re2d_55
Workers: 10
Found 12 protein families: ['PF00004', 'PF00041', 'PF00072', 'PF00076', 'PF00096', 'PF00153', 'PF00271', 'PF00397', 'PF00512', 'PF00595', 'PF02518', 'PF07679']
Total pairs: 66

Pair 55: PF00271 x PF07679
Temp dir: /tmp/re2d_55

Loading DCA parameters and natural energies...
Data loaded in 1.7s
  PF00271: 95 AA (285 nt)
  PF07679: 76 AA (228 nt)
  PF00271 natural energy: mean=149.58, std=27.18
  PF07679 natural energy: mean=63.66, std=19.08

Overlap lengths: [222, 221, 220] (frames [0, 2, 1])

JIT warmup...
JIT warmup done in 4.3s
No checkpoint found, starting fresh

============================================================
Overlap 222 nt (frame 0) [1/3]
============================================================
  Repeat 1/10 done in 926.1s (z_min=0.352, wass_min=7.76)

SIGTERM received — saving checkpoint to /home/xzccaogk/OverlappingGenes/results_re2d/PF00271_PF07679_checkpoint.pkl
  Repeat 2/10 done in 810.7s (z_min=0.477, wass_min=10.52)
  Repeat 3/10 done in 832.8s (z_min=0.618, wass_min=10.21)

SIGTERM received — saving checkpoint to /home/xzccaogk/OverlappingGenes/results_re2d/PF00271_PF07679_checkpoint.pkl
Checkpoint saved. Exiting.
  Repeat 4/10 done in 765.4s (z_min=0.540, wass_min=7.05)
  Repeat 5/10 done in 779.3s (z_min=0.519, wass_min=8.20)
  Repeat 6/10 done in 753.4s (z_min=0.428, wass_min=7.38)
  Repeat 7/10 done in 760.2s (z_min=0.498, wass_min=9.29)
  Repeat 8/10 done in 734.7s (z_min=0.342, wass_min=7.64)

SIGTERM received — saving checkpoint to /home/xzccaogk/OverlappingGenes/results_re2d/PF00271_PF07679_checkpoint.pkl
  Repeat 9/10 done in 796.2s (z_min=0.600, wass_min=8.84)
Finished pair 55 at Wed  4 Mar 02:50:56 GMT 2026
