Starting pair 48 on compute-0-5.local at Wed  4 Mar 00:33:05 GMT 2026
CPUs: 10, Temp: /tmp/re2d_48
Workers: 10
Found 12 protein families: ['PF00004', 'PF00041', 'PF00072', 'PF00076', 'PF00096', 'PF00153', 'PF00271', 'PF00397', 'PF00512', 'PF00595', 'PF02518', 'PF07679']
Total pairs: 66

Pair 48: PF00153 x PF00595
Temp dir: /tmp/re2d_48

Loading DCA parameters and natural energies...
Data loaded in 1.9s
  PF00153: 85 AA (255 nt)
  PF00595: 71 AA (213 nt)
  PF00153 natural energy: mean=92.55, std=25.62
  PF00595 natural energy: mean=87.53, std=17.89

Overlap lengths: [207, 206, 205] (frames [0, 2, 1])

JIT warmup...
JIT warmup done in 7.5s
No checkpoint found, starting fresh

============================================================
Overlap 207 nt (frame 0) [1/3]
============================================================
  Repeat 1/10 done in 681.1s (z_min=1.061, wass_min=18.46)
Finished pair 48 at Wed  4 Mar 00:54:12 GMT 2026
