Starting pair 61 on compute-0-3.local at Wed  4 Mar 00:45:04 GMT 2026
CPUs: 10, Temp: /tmp/re2d_61
Workers: 10
Found 12 protein families: ['PF00004', 'PF00041', 'PF00072', 'PF00076', 'PF00096', 'PF00153', 'PF00271', 'PF00397', 'PF00512', 'PF00595', 'PF02518', 'PF07679']
Total pairs: 66

Pair 61: PF00512 x PF02518
Temp dir: /tmp/re2d_61

Loading DCA parameters and natural energies...
Data loaded in 1.9s
  PF00512: 62 AA (186 nt)
  PF02518: 101 AA (303 nt)
  PF00512 natural energy: mean=105.72, std=17.69
  PF02518 natural energy: mean=186.84, std=26.05

Overlap lengths: [180, 179, 178] (frames [0, 2, 1])

JIT warmup...
JIT warmup done in 4.6s
No checkpoint found, starting fresh

============================================================
Overlap 180 nt (frame 0) [1/3]
============================================================
Finished pair 61 at Wed  4 Mar 00:57:26 GMT 2026
