Starting pair 53 on compute-0-2.local at Wed  4 Mar 00:35:56 GMT 2026
CPUs: 10, Temp: /tmp/re2d_53
Workers: 10
Found 12 protein families: ['PF00004', 'PF00041', 'PF00072', 'PF00076', 'PF00096', 'PF00153', 'PF00271', 'PF00397', 'PF00512', 'PF00595', 'PF02518', 'PF07679']
Total pairs: 66

Pair 53: PF00271 x PF00595
Temp dir: /tmp/re2d_53

Loading DCA parameters and natural energies...
Data loaded in 1.9s
  PF00271: 95 AA (285 nt)
  PF00595: 71 AA (213 nt)
  PF00271 natural energy: mean=149.58, std=27.18
  PF00595 natural energy: mean=87.53, std=17.89

Overlap lengths: [207, 206, 205] (frames [0, 2, 1])

JIT warmup...
JIT warmup done in 5.3s
No checkpoint found, starting fresh

============================================================
Overlap 207 nt (frame 0) [1/3]
============================================================
  Repeat 1/10 done in 1019.3s (z_min=0.698, wass_min=15.33)
Finished pair 53 at Wed  4 Mar 01:07:39 GMT 2026
