Starting pair 22 on compute-0-2.local at Tue  3 Mar 23:41:06 GMT 2026
CPUs: 10, Temp: /tmp/re2d_22
Workers: 10
Found 12 protein families: ['PF00004', 'PF00041', 'PF00072', 'PF00076', 'PF00096', 'PF00153', 'PF00271', 'PF00397', 'PF00512', 'PF00595', 'PF02518', 'PF07679']
Total pairs: 66

Pair 22: PF00072 x PF00096
Temp dir: /tmp/re2d_22

Loading DCA parameters and natural energies...
Data loaded in 5.8s
  PF00072: 108 AA (324 nt)
  PF00096: 23 AA (69 nt)
  PF00072 natural energy: mean=201.37, std=29.97
  PF00096 natural energy: mean=16.44, std=5.23

Overlap lengths: [63, 62, 61] (frames [0, 2, 1])

JIT warmup...
JIT warmup done in 6.0s
No checkpoint found, starting fresh

============================================================
Overlap 63 nt (frame 0) [1/3]
============================================================
  Repeat 1/10 done in 1015.3s (z_min=0.954, wass_min=6.11)

SIGTERM received — saving checkpoint to /home/xzccaogk/OverlappingGenes/results_re2d/PF00072_PF00096_checkpoint.pkl
Checkpoint saved. Exiting.
  Repeat 2/10 done in 1015.9s (z_min=0.948, wass_min=6.27)
  Repeat 3/10 done in 998.3s (z_min=0.958, wass_min=6.18)
  Repeat 4/10 done in 903.3s (z_min=0.937, wass_min=6.12)
Finished pair 22 at Wed  4 Mar 00:59:15 GMT 2026
