Starting pair 6 on compute-0-3.local at Tue  3 Mar 23:41:04 GMT 2026
CPUs: 10, Temp: /tmp/re2d_6
Workers: 10
Found 12 protein families: ['PF00004', 'PF00041', 'PF00072', 'PF00076', 'PF00096', 'PF00153', 'PF00271', 'PF00397', 'PF00512', 'PF00595', 'PF02518', 'PF07679']
Total pairs: 66

Pair 6: PF00004 x PF00397
Temp dir: /tmp/re2d_6

Loading DCA parameters and natural energies...
Data loaded in 5.3s
  PF00004: 110 AA (330 nt)
  PF00397: 28 AA (84 nt)
  PF00004 natural energy: mean=145.88, std=38.25
  PF00397 natural energy: mean=34.45, std=7.29

Overlap lengths: [78, 77, 76] (frames [0, 2, 1])

JIT warmup...
JIT warmup done in 6.9s
No checkpoint found, starting fresh

============================================================
Overlap 78 nt (frame 0) [1/3]
============================================================
  Repeat 1/10 done in 781.0s (z_min=0.650, wass_min=10.68)
Finished pair 6 at Wed  4 Mar 00:07:42 GMT 2026
