Starting pair 30 on compute-0-3.local at Wed  4 Mar 00:15:40 GMT 2026
CPUs: 10, Temp: /tmp/re2d_30
Workers: 10
Found 12 protein families: ['PF00004', 'PF00041', 'PF00072', 'PF00076', 'PF00096', 'PF00153', 'PF00271', 'PF00397', 'PF00512', 'PF00595', 'PF02518', 'PF07679']
Total pairs: 66

Pair 30: PF00076 x PF00096
Temp dir: /tmp/re2d_30

Loading DCA parameters and natural energies...
Data loaded in 2.5s
  PF00076: 59 AA (177 nt)
  PF00096: 23 AA (69 nt)
  PF00076 natural energy: mean=80.85, std=17.50
  PF00096 natural energy: mean=16.44, std=5.23

Overlap lengths: [63, 62, 61] (frames [0, 2, 1])

JIT warmup...
JIT warmup done in 20.7s
No checkpoint found, starting fresh

============================================================
Overlap 63 nt (frame 0) [1/3]
============================================================
Finished pair 30 at Wed  4 Mar 00:16:49 GMT 2026
