Starting pair 60 on compute-0-5.local at Wed  4 Mar 00:44:39 GMT 2026
CPUs: 10, Temp: /tmp/re2d_60
Workers: 10
Found 12 protein families: ['PF00004', 'PF00041', 'PF00072', 'PF00076', 'PF00096', 'PF00153', 'PF00271', 'PF00397', 'PF00512', 'PF00595', 'PF02518', 'PF07679']
Total pairs: 66

Pair 60: PF00512 x PF00595
Temp dir: /tmp/re2d_60

Loading DCA parameters and natural energies...
Data loaded in 0.9s
  PF00512: 62 AA (186 nt)
  PF00595: 71 AA (213 nt)
  PF00512 natural energy: mean=105.72, std=17.69
  PF00595 natural energy: mean=87.53, std=17.89

Overlap lengths: [180, 179, 178] (frames [0, 2, 1])

JIT warmup...
JIT warmup done in 3.8s
No checkpoint found, starting fresh

============================================================
Overlap 180 nt (frame 0) [1/3]
============================================================
Finished pair 60 at Wed  4 Mar 00:52:53 GMT 2026
