Starting pair 58 on compute-0-3.local at Wed  4 Mar 00:42:14 GMT 2026
CPUs: 10, Temp: /tmp/re2d_58
Workers: 10
Found 12 protein families: ['PF00004', 'PF00041', 'PF00072', 'PF00076', 'PF00096', 'PF00153', 'PF00271', 'PF00397', 'PF00512', 'PF00595', 'PF02518', 'PF07679']
Total pairs: 66

Pair 58: PF00397 x PF02518
Temp dir: /tmp/re2d_58

Loading DCA parameters and natural energies...
Data loaded in 1.4s
  PF00397: 28 AA (84 nt)
  PF02518: 101 AA (303 nt)
  PF00397 natural energy: mean=34.45, std=7.29
  PF02518 natural energy: mean=186.84, std=26.05

Overlap lengths: [78, 77, 76] (frames [0, 2, 1])

JIT warmup...
JIT warmup done in 4.5s
No checkpoint found, starting fresh

============================================================
Overlap 78 nt (frame 0) [1/3]
============================================================

SIGTERM received — saving checkpoint to /home/xzccaogk/OverlappingGenes/results_re2d/PF00397_PF02518_checkpoint.pkl
Checkpoint saved. Exiting.
Finished pair 58 at Wed  4 Mar 00:52:34 GMT 2026
