Starting pair 11 on compute-0-3.local at Tue  3 Mar 23:41:04 GMT 2026
CPUs: 10, Temp: /tmp/re2d_11
Workers: 10
Found 12 protein families: ['PF00004', 'PF00041', 'PF00072', 'PF00076', 'PF00096', 'PF00153', 'PF00271', 'PF00397', 'PF00512', 'PF00595', 'PF02518', 'PF07679']
Total pairs: 66

Pair 11: PF00041 x PF00072
Temp dir: /tmp/re2d_11

Loading DCA parameters and natural energies...
Data loaded in 5.3s
  PF00041: 74 AA (222 nt)
  PF00072: 108 AA (324 nt)
  PF00041 natural energy: mean=120.66, std=17.64
  PF00072 natural energy: mean=201.37, std=29.97

Overlap lengths: [216, 215, 214] (frames [0, 2, 1])

JIT warmup...
JIT warmup done in 6.8s
No checkpoint found, starting fresh

============================================================
Overlap 216 nt (frame 0) [1/3]
============================================================
  Repeat 1/10 done in 1087.7s (z_min=1.143, wass_min=7.43)
Finished pair 11 at Wed  4 Mar 00:16:48 GMT 2026
