Starting pair 17 on compute-0-2.local at Tue  3 Mar 23:41:05 GMT 2026
CPUs: 10, Temp: /tmp/re2d_17
Workers: 10
Found 12 protein families: ['PF00004', 'PF00041', 'PF00072', 'PF00076', 'PF00096', 'PF00153', 'PF00271', 'PF00397', 'PF00512', 'PF00595', 'PF02518', 'PF07679']
Total pairs: 66

Pair 17: PF00041 x PF00512
Temp dir: /tmp/re2d_17

Loading DCA parameters and natural energies...
Data loaded in 4.9s
  PF00041: 74 AA (222 nt)
  PF00512: 62 AA (186 nt)
  PF00041 natural energy: mean=120.66, std=17.64
  PF00512 natural energy: mean=105.72, std=17.69

Overlap lengths: [180, 179, 178] (frames [0, 2, 1])

JIT warmup...
JIT warmup done in 6.9s
No checkpoint found, starting fresh

============================================================
Overlap 180 nt (frame 0) [1/3]
============================================================

SIGTERM received — saving checkpoint to /home/xzccaogk/OverlappingGenes/results_re2d/PF00041_PF00512_checkpoint.pkl
Checkpoint saved. Exiting.
  Repeat 1/10 done in 921.2s (z_min=0.857, wass_min=6.34)
  Repeat 2/10 done in 868.4s (z_min=0.836, wass_min=6.32)
  Repeat 3/10 done in 837.5s (z_min=0.865, wass_min=6.62)
  Repeat 4/10 done in 839.5s (z_min=0.843, wass_min=6.39)
Finished pair 17 at Wed  4 Mar 00:54:17 GMT 2026
