Starting pair 46 on compute-0-5.local at Wed  4 Mar 00:33:05 GMT 2026
CPUs: 10, Temp: /tmp/re2d_46
Workers: 10
Found 12 protein families: ['PF00004', 'PF00041', 'PF00072', 'PF00076', 'PF00096', 'PF00153', 'PF00271', 'PF00397', 'PF00512', 'PF00595', 'PF02518', 'PF07679']
Total pairs: 66

Pair 46: PF00153 x PF00397
Temp dir: /tmp/re2d_46

Loading DCA parameters and natural energies...
Data loaded in 1.4s
  PF00153: 85 AA (255 nt)
  PF00397: 28 AA (84 nt)
  PF00153 natural energy: mean=92.55, std=25.62
  PF00397 natural energy: mean=34.45, std=7.29

Overlap lengths: [78, 77, 76] (frames [0, 2, 1])

JIT warmup...
JIT warmup done in 8.3s
No checkpoint found, starting fresh

============================================================
Overlap 78 nt (frame 0) [1/3]
============================================================

SIGTERM received — saving checkpoint to /home/xzccaogk/OverlappingGenes/results_re2d/PF00153_PF00397_checkpoint.pkl
  Repeat 1/10 done in 463.1s (z_min=0.590, wass_min=7.73)
Finished pair 46 at Wed  4 Mar 00:47:44 GMT 2026
