Exception ignored in atexit callback <function _exit_function at 0x7f7aeadcd260>:
Process ForkPoolWorker-13:
Traceback (most recent call last):
Exception ignored in atexit callback <function _exit_function at 0x7f7aeadcd260>:
  File "/home/xzccaogk/miniforge3/lib/python3.13/multiprocessing/util.py", line 391, in _exit_function
Traceback (most recent call last):
  File "/home/xzccaogk/miniforge3/lib/python3.13/multiprocessing/util.py", line 405, in _exit_function
Exception ignored in atexit callback <function _exit_function at 0x7f7aeadcd260>:
Traceback (most recent call last):
  File "/home/xzccaogk/miniforge3/lib/python3.13/multiprocessing/util.py", line 405, in _exit_function
    _run_finalizers(0)
  File "/home/xzccaogk/miniforge3/lib/python3.13/multiprocessing/util.py", line 362, in _run_finalizers
    def _exit_function(info=info, debug=debug, _run_finalizers=_run_finalizers,
  File "/home/xzccaogk/OverlappingGenes/re_2d_cluster.py", line 438, in sigterm_handler
    _run_finalizers(0)
  File "/home/xzccaogk/miniforge3/lib/python3.13/multiprocessing/util.py", line 363, in _run_finalizers
    keys = [key for key in list(_finalizer_registry) if f(key)]
  File "/home/xzccaogk/OverlappingGenes/re_2d_cluster.py", line 438, in sigterm_handler
    save_checkpoint(ckpt_path, data)
  File "/home/xzccaogk/OverlappingGenes/re_2d_cluster.py", line 181, in save_checkpoint
    save_checkpoint(ckpt_path, data)
  File "/home/xzccaogk/OverlappingGenes/re_2d_cluster.py", line 181, in save_checkpoint
    keys.sort(reverse=True)
  File "/home/xzccaogk/OverlappingGenes/re_2d_cluster.py", line 438, in sigterm_handler
    os.replace(tmp_path, ckpt_path)
FileNotFoundError: [Errno 2] No such file or directory: '/home/xzccaogk/OverlappingGenes/results_re2d/PF00271_PF07679_checkpoint.pkl.tmp' -> '/home/xzccaogk/OverlappingGenes/results_re2d/PF00271_PF07679_checkpoint.pkl'
    os.replace(tmp_path, ckpt_path)
FileNotFoundError: [Errno 2] No such file or directory: '/home/xzccaogk/OverlappingGenes/results_re2d/PF00271_PF07679_checkpoint.pkl.tmp' -> '/home/xzccaogk/OverlappingGenes/results_re2d/PF00271_PF07679_checkpoint.pkl'
    save_checkpoint(ckpt_path, data)
  File "/home/xzccaogk/OverlappingGenes/re_2d_cluster.py", line 181, in save_checkpoint
    os.replace(tmp_path, ckpt_path)
FileNotFoundError: [Errno 2] No such file or directory: '/home/xzccaogk/OverlappingGenes/results_re2d/PF00271_PF07679_checkpoint.pkl.tmp' -> '/home/xzccaogk/OverlappingGenes/results_re2d/PF00271_PF07679_checkpoint.pkl'
Traceback (most recent call last):
  File "/home/xzccaogk/miniforge3/lib/python3.13/multiprocessing/process.py", line 313, in _bootstrap
    self.run()
    ~~~~~~~~^^
  File "/home/xzccaogk/miniforge3/lib/python3.13/multiprocessing/process.py", line 108, in run
    self._target(*self._args, **self._kwargs)
    ~~~~~~~~~~~~^^^^^^^^^^^^^^^^^^^^^^^^^^^^^
  File "/home/xzccaogk/miniforge3/lib/python3.13/multiprocessing/pool.py", line 140, in worker
    util.debug('worker exiting after %d tasks' % completed)
               ~~~~~~~~~~~~~~~~~~~~~~~~~~~~~~~~^~~~~~~~~~~
  File "/home/xzccaogk/OverlappingGenes/re_2d_cluster.py", line 438, in sigterm_handler
    save_checkpoint(ckpt_path, data)
    ~~~~~~~~~~~~~~~^^^^^^^^^^^^^^^^^
  File "/home/xzccaogk/OverlappingGenes/re_2d_cluster.py", line 181, in save_checkpoint
    os.replace(tmp_path, ckpt_path)
    ~~~~~~~~~~^^^^^^^^^^^^^^^^^^^^^
FileNotFoundError: [Errno 2] No such file or directory: '/home/xzccaogk/OverlappingGenes/results_re2d/PF00271_PF07679_checkpoint.pkl.tmp' -> '/home/xzccaogk/OverlappingGenes/results_re2d/PF00271_PF07679_checkpoint.pkl'
Exception ignored in atexit callback <function _exit_function at 0x7f7aeadcd260>:
Traceback (most recent call last):
  File "/home/xzccaogk/miniforge3/lib/python3.13/multiprocessing/util.py", line 404, in _exit_function
Exception ignored in atexit callback <function _exit_function at 0x7f7aeadcd260>:
Exception ignored in atexit callback <function _exit_function at 0x7f7aeadcd260>:
Traceback (most recent call last):
Traceback (most recent call last):
  File "/home/xzccaogk/miniforge3/lib/python3.13/multiprocessing/util.py", line 421, in _exit_function
  File "/home/xzccaogk/miniforge3/lib/python3.13/multiprocessing/util.py", line 421, in _exit_function
    for p in active_children():
    debug('running all "atexit" finalizers with priority >= 0')
  File "/home/xzccaogk/miniforge3/lib/python3.13/multiprocessing/process.py", line 47, in active_children
  File "/home/xzccaogk/miniforge3/lib/python3.13/multiprocessing/util.py", line 49, in debug
    def debug(msg, *args):
  File "/home/xzccaogk/OverlappingGenes/re_2d_cluster.py", line 440, in sigterm_handler
    for p in active_children():
  File "/home/xzccaogk/miniforge3/lib/python3.13/multiprocessing/process.py", line 43, in active_children
    _cleanup()
  File "/home/xzccaogk/miniforge3/lib/python3.13/multiprocessing/process.py", line 63, in _cleanup
    def active_children():
  File "/home/xzccaogk/OverlappingGenes/re_2d_cluster.py", line 438, in sigterm_handler
    for p in list(_children):
  File "/home/xzccaogk/OverlappingGenes/re_2d_cluster.py", line 438, in sigterm_handler
    save_checkpoint(ckpt_path, data)
  File "/home/xzccaogk/OverlappingGenes/re_2d_cluster.py", line 181, in save_checkpoint
    sys.exit(0)
SystemExit: 0
    save_checkpoint(ckpt_path, data)
  File "/home/xzccaogk/OverlappingGenes/re_2d_cluster.py", line 181, in save_checkpoint
    os.replace(tmp_path, ckpt_path)
FileNotFoundError: [Errno 2] No such file or directory: '/home/xzccaogk/OverlappingGenes/results_re2d/PF00271_PF07679_checkpoint.pkl.tmp' -> '/home/xzccaogk/OverlappingGenes/results_re2d/PF00271_PF07679_checkpoint.pkl'
    os.replace(tmp_path, ckpt_path)
FileNotFoundError: [Errno 2] No such file or directory: '/home/xzccaogk/OverlappingGenes/results_re2d/PF00271_PF07679_checkpoint.pkl.tmp' -> '/home/xzccaogk/OverlappingGenes/results_re2d/PF00271_PF07679_checkpoint.pkl'
/var/spool/slurmd/job41148/slurm_script: line 38: 13750 Bus error               python "${SCRIPT_DIR}/re_2d_cluster.py" --pair-index "${SLURM_ARRAY_TASK_ID}" --workers "${SLURM_CPUS_PER_TASK}" --output-dir "${OUTPUT_DIR}" --data-dir "${DATA_DIR}" --resume
