Starting pair 34 on compute-0-3.local at Wed  4 Mar 00:22:22 GMT 2026
CPUs: 10, Temp: /tmp/re2d_34
Workers: 10
Found 12 protein families: ['PF00004', 'PF00041', 'PF00072', 'PF00076', 'PF00096', 'PF00153', 'PF00271', 'PF00397', 'PF00512', 'PF00595', 'PF02518', 'PF07679']
Total pairs: 66

Pair 34: PF00076 x PF00512
Temp dir: /tmp/re2d_34

Loading DCA parameters and natural energies...
Data loaded in 1.4s
  PF00076: 59 AA (177 nt)
  PF00512: 62 AA (186 nt)
  PF00076 natural energy: mean=80.85, std=17.50
  PF00512 natural energy: mean=105.72, std=17.69

Overlap lengths: [171, 170, 169] (frames [0, 2, 1])

JIT warmup...
JIT warmup done in 8.8s
No checkpoint found, starting fresh

============================================================
Overlap 171 nt (frame 0) [1/3]
============================================================
Finished pair 34 at Wed  4 Mar 00:31:47 GMT 2026
