Starting pair 18 on compute-0-2.local at Tue  3 Mar 23:41:05 GMT 2026
CPUs: 10, Temp: /tmp/re2d_18
Workers: 10
Found 12 protein families: ['PF00004', 'PF00041', 'PF00072', 'PF00076', 'PF00096', 'PF00153', 'PF00271', 'PF00397', 'PF00512', 'PF00595', 'PF02518', 'PF07679']
Total pairs: 66

Pair 18: PF00041 x PF00595
Temp dir: /tmp/re2d_18

Loading DCA parameters and natural energies...
Data loaded in 5.1s
  PF00041: 74 AA (222 nt)
  PF00595: 71 AA (213 nt)
  PF00041 natural energy: mean=120.66, std=17.64
  PF00595 natural energy: mean=87.53, std=17.89

Overlap lengths: [207, 206, 205] (frames [0, 2, 1])

JIT warmup...
JIT warmup done in 6.8s
No checkpoint found, starting fresh

============================================================
Overlap 207 nt (frame 0) [1/3]
============================================================

SIGTERM received — saving checkpoint to /home/xzccaogk/OverlappingGenes/results_re2d/PF00041_PF00595_checkpoint.pkl

SIGTERM received — saving checkpoint to /home/xzccaogk/OverlappingGenes/results_re2d/PF00041_PF00595_checkpoint.pkl
  Repeat 1/10 done in 1223.0s (z_min=0.564, wass_min=8.83)

SIGTERM received — saving checkpoint to /home/xzccaogk/OverlappingGenes/results_re2d/PF00041_PF00595_checkpoint.pkl
  Repeat 2/10 done in 1084.8s (z_min=0.558, wass_min=8.81)

SIGTERM received — saving checkpoint to /home/xzccaogk/OverlappingGenes/results_re2d/PF00041_PF00595_checkpoint.pkl
Checkpoint saved. Exiting.
  Repeat 3/10 done in 1118.2s (z_min=0.578, wass_min=8.84)

SIGTERM received — saving checkpoint to /home/xzccaogk/OverlappingGenes/results_re2d/PF00041_PF00595_checkpoint.pkl
  Repeat 4/10 done in 1097.8s (z_min=0.595, wass_min=8.74)
  Repeat 5/10 done in 992.7s (z_min=0.551, wass_min=8.85)
  Repeat 6/10 done in 902.8s (z_min=0.564, wass_min=8.87)
  Repeat 7/10 done in 841.7s (z_min=0.577, wass_min=8.86)
  Repeat 8/10 done in 796.3s (z_min=0.547, wass_min=9.00)
  Repeat 9/10 done in 747.3s (z_min=0.565, wass_min=8.96)
  Repeat 10/10 done in 747.7s (z_min=0.569, wass_min=8.80)
  Overlap 207 completed in 9554.3s
  Best z-score: 0.568 at T1=0.6000, T2=0.6000
  Best Wasserstein: 8.91 at T1=0.6333, T2=0.6333

============================================================
Overlap 206 nt (frame 2) [2/3]
============================================================

SIGTERM received — saving checkpoint to /home/xzccaogk/OverlappingGenes/results_re2d/PF00041_PF00595_checkpoint.pkl

SIGTERM received — saving checkpoint to /home/xzccaogk/OverlappingGenes/results_re2d/PF00041_PF00595_checkpoint.pkl

SIGTERM received — saving checkpoint to /home/xzccaogk/OverlappingGenes/results_re2d/PF00041_PF00595_checkpoint.pkl

SIGTERM received — saving checkpoint to /home/xzccaogk/OverlappingGenes/results_re2d/PF00041_PF00595_checkpoint.pkl
  Repeat 1/10 done in 776.6s (z_min=0.602, wass_min=8.49)
  Repeat 2/10 done in 765.3s (z_min=0.613, wass_min=8.51)
  Repeat 3/10 done in 754.3s (z_min=0.604, wass_min=8.61)
  Repeat 4/10 done in 798.7s (z_min=0.628, wass_min=8.47)
  Repeat 5/10 done in 782.9s (z_min=0.609, wass_min=8.44)
  Repeat 6/10 done in 792.3s (z_min=0.614, wass_min=8.48)
  Repeat 7/10 done in 750.4s (z_min=0.616, wass_min=8.44)
  Repeat 8/10 done in 771.9s (z_min=0.593, wass_min=8.34)

SIGTERM received — saving checkpoint to /home/xzccaogk/OverlappingGenes/results_re2d/PF00041_PF00595_checkpoint.pkl
Checkpoint saved. Exiting.
  Repeat 9/10 done in 742.3s (z_min=0.600, wass_min=8.50)
  Repeat 10/10 done in 785.0s (z_min=0.623, wass_min=8.55)
  Overlap 206 completed in 7720.4s
  Best z-score: 0.614 at T1=0.6667, T2=0.6333
  Best Wasserstein: 8.50 at T1=0.7000, T2=0.6667

============================================================
Overlap 205 nt (frame 1) [3/3]
============================================================
  Repeat 1/10 done in 800.8s (z_min=1.677, wass_min=17.09)
  Repeat 2/10 done in 721.4s (z_min=1.631, wass_min=17.56)
  Repeat 3/10 done in 763.1s (z_min=1.672, wass_min=16.67)

SIGTERM received — saving checkpoint to /home/xzccaogk/OverlappingGenes/results_re2d/PF00041_PF00595_checkpoint.pkl
Checkpoint saved. Exiting.
  Repeat 4/10 done in 848.6s (z_min=1.627, wass_min=16.62)
  Repeat 5/10 done in 732.3s (z_min=1.670, wass_min=17.19)
  Repeat 6/10 done in 798.7s (z_min=1.477, wass_min=17.39)
  Repeat 7/10 done in 699.4s (z_min=1.648, wass_min=17.18)

SIGTERM received — saving checkpoint to /home/xzccaogk/OverlappingGenes/results_re2d/PF00041_PF00595_checkpoint.pkl
  Repeat 8/10 done in 797.3s (z_min=1.684, wass_min=17.26)

SIGTERM received — saving checkpoint to /home/xzccaogk/OverlappingGenes/results_re2d/PF00041_PF00595_checkpoint.pkl

SIGTERM received — saving checkpoint to /home/xzccaogk/OverlappingGenes/results_re2d/PF00041_PF00595_checkpoint.pkl
  Repeat 9/10 done in 772.9s (z_min=1.608, wass_min=16.55)
  Repeat 10/10 done in 780.6s (z_min=1.512, wass_min=16.18)
  Overlap 205 completed in 7718.3s
  Best z-score: 1.746 at T1=0.3333, T2=0.3000
  Best Wasserstein: 17.97 at T1=0.3667, T2=0.3333

Results saved to /home/xzccaogk/OverlappingGenes/results_re2d/PF00041_PF00595_re2d.npz
  NPZ keys: ['pf1', 'pf2', 'overlap_lengths', 'nat_mean_1', 'nat_std_1', 'nat_mean_2', 'nat_std_2', 'config', 'T1_fine_207', 'T2_fine_207', 'z_mean_207', 'z_std_207', 'wass_mean_207', 'wass_std_207', 'acc_mean_207', 'acc_std_207', 'z_best_indices_207', 'wass_best_indices_207', 'z_best_E1_207', 'z_best_E2_207', 'wass_best_E1_207', 'wass_best_E2_207', 'swap_mean_swap_rates_207', 'swap_elapsed_times_207', 'T1_fine_206', 'T2_fine_206', 'z_mean_206', 'z_std_206', 'wass_mean_206', 'wass_std_206', 'acc_mean_206', 'acc_std_206', 'z_best_indices_206', 'wass_best_indices_206', 'z_best_E1_206', 'z_best_E2_206', 'wass_best_E1_206', 'wass_best_E2_206', 'swap_mean_swap_rates_206', 'swap_elapsed_times_206', 'T1_fine_205', 'T2_fine_205', 'z_mean_205', 'z_std_205', 'wass_mean_205', 'wass_std_205', 'acc_mean_205', 'acc_std_205', 'z_best_indices_205', 'wass_best_indices_205', 'z_best_E1_205', 'z_best_E2_205', 'wass_best_E1_205', 'wass_best_E2_205', 'swap_mean_swap_rates_205', 'swap_elapsed_times_205']
Checkpoint removed: /home/xzccaogk/OverlappingGenes/results_re2d/PF00041_PF00595_checkpoint.pkl

Total time: 24993.9s (6.94h)
Finished pair 18 at Wed  4 Mar 06:40:01 GMT 2026
