Exception ignored in atexit callback <function _exit_function at 0x7f339d705260>:
Traceback (most recent call last):
  File "/home/xzccaogk/miniforge3/lib/python3.13/multiprocessing/util.py", line 421, in _exit_function
Exception ignored in atexit callback <function _exit_function at 0x7f339d705260>:
Exception ignored in atexit callback <function _exit_function at 0x7f339d705260>:
Traceback (most recent call last):
Traceback (most recent call last):
  File "/home/xzccaogk/miniforge3/lib/python3.13/multiprocessing/util.py", line 391, in _exit_function
  File "/home/xzccaogk/miniforge3/lib/python3.13/multiprocessing/util.py", line 391, in _exit_function
    for p in active_children():
  File "/home/xzccaogk/miniforge3/lib/python3.13/multiprocessing/process.py", line 48, in active_children
    def _exit_function(info=info, debug=debug, _run_finalizers=_run_finalizers,
  File "/home/xzccaogk/OverlappingGenes/re_2d_cluster.py", line 438, in sigterm_handler
    def _exit_function(info=info, debug=debug, _run_finalizers=_run_finalizers,
  File "/home/xzccaogk/OverlappingGenes/re_2d_cluster.py", line 438, in sigterm_handler
    return list(_children)
  File "/home/xzccaogk/OverlappingGenes/re_2d_cluster.py", line 440, in sigterm_handler
    save_checkpoint(ckpt_path, data)
  File "/home/xzccaogk/OverlappingGenes/re_2d_cluster.py", line 181, in save_checkpoint
    sys.exit(0)
SystemExit: 0
    save_checkpoint(ckpt_path, data)
  File "/home/xzccaogk/OverlappingGenes/re_2d_cluster.py", line 181, in save_checkpoint
    os.replace(tmp_path, ckpt_path)
FileNotFoundError: [Errno 2] No such file or directory: '/home/xzccaogk/OverlappingGenes/results_re2d/PF00072_PF00512_checkpoint.pkl.tmp' -> '/home/xzccaogk/OverlappingGenes/results_re2d/PF00072_PF00512_checkpoint.pkl'
    os.replace(tmp_path, ckpt_path)
FileNotFoundError: [Errno 2] No such file or directory: '/home/xzccaogk/OverlappingGenes/results_re2d/PF00072_PF00512_checkpoint.pkl.tmp' -> '/home/xzccaogk/OverlappingGenes/results_re2d/PF00072_PF00512_checkpoint.pkl'
Exception ignored in atexit callback <function _exit_function at 0x7f339d705260>:
Traceback (most recent call last):
  File "/home/xzccaogk/miniforge3/lib/python3.13/multiprocessing/util.py", line 421, in _exit_function
    for p in active_children():
  File "/home/xzccaogk/miniforge3/lib/python3.13/multiprocessing/process.py", line 47, in active_children
    _cleanup()
  File "/home/xzccaogk/miniforge3/lib/python3.13/multiprocessing/process.py", line 61, in _cleanup
    def _cleanup():
  File "/home/xzccaogk/OverlappingGenes/re_2d_cluster.py", line 440, in sigterm_handler
    sys.exit(0)
SystemExit: 0
/var/spool/slurmd/job41116/slurm_script: line 38: 135207 Bus error               python "${SCRIPT_DIR}/re_2d_cluster.py" --pair-index "${SLURM_ARRAY_TASK_ID}" --workers "${SLURM_CPUS_PER_TASK}" --output-dir "${OUTPUT_DIR}" --data-dir "${DATA_DIR}" --resume
