Starting pair 0 on compute-0-1.local at Tue  3 Mar 23:41:02 GMT 2026
CPUs: 10, Temp: /tmp/re2d_0
Workers: 10
Found 12 protein families: ['PF00004', 'PF00041', 'PF00072', 'PF00076', 'PF00096', 'PF00153', 'PF00271', 'PF00397', 'PF00512', 'PF00595', 'PF02518', 'PF07679']
Total pairs: 66

Pair 0: PF00004 x PF00041
Temp dir: /tmp/re2d_0

Loading DCA parameters and natural energies...
Data loaded in 4.7s
  PF00004: 110 AA (330 nt)
  PF00041: 74 AA (222 nt)
  PF00004 natural energy: mean=145.88, std=38.25
  PF00041 natural energy: mean=120.66, std=17.64

Overlap lengths: [216, 215, 214] (frames [0, 2, 1])

JIT warmup...
JIT warmup done in 34.2s
No checkpoint found, starting fresh

============================================================
Overlap 216 nt (frame 0) [1/3]
============================================================
  Repeat 1/10 done in 1584.0s (z_min=0.231, wass_min=11.99)
  Repeat 2/10 done in 1563.9s (z_min=0.528, wass_min=12.72)
  Repeat 3/10 done in 1572.7s (z_min=0.347, wass_min=13.63)
  Repeat 4/10 done in 1438.8s (z_min=0.308, wass_min=12.56)
Finished pair 0 at Wed  4 Mar 01:43:37 GMT 2026
