Starting pair 7 on compute-0-3.local at Tue  3 Mar 23:41:04 GMT 2026
CPUs: 10, Temp: /tmp/re2d_7
Workers: 10
Found 12 protein families: ['PF00004', 'PF00041', 'PF00072', 'PF00076', 'PF00096', 'PF00153', 'PF00271', 'PF00397', 'PF00512', 'PF00595', 'PF02518', 'PF07679']
Total pairs: 66

Pair 7: PF00004 x PF00512
Temp dir: /tmp/re2d_7

Loading DCA parameters and natural energies...
Data loaded in 5.4s
  PF00004: 110 AA (330 nt)
  PF00512: 62 AA (186 nt)
  PF00004 natural energy: mean=145.88, std=38.25
  PF00512 natural energy: mean=105.72, std=17.69

Overlap lengths: [180, 179, 178] (frames [0, 2, 1])

JIT warmup...
JIT warmup done in 6.8s
No checkpoint found, starting fresh

============================================================
Overlap 180 nt (frame 0) [1/3]
============================================================
  Repeat 1/10 done in 1107.2s (z_min=0.484, wass_min=13.81)

SIGTERM received — saving checkpoint to /home/xzccaogk/OverlappingGenes/results_re2d/PF00004_PF00512_checkpoint.pkl
Checkpoint saved. Exiting.
  Repeat 2/10 done in 1109.4s (z_min=0.342, wass_min=13.95)
  Repeat 3/10 done in 1024.8s (z_min=0.280, wass_min=14.10)
Finished pair 7 at Wed  4 Mar 00:53:28 GMT 2026
