Starting pair 9 on compute-0-3.local at Tue  3 Mar 23:41:03 GMT 2026
CPUs: 10, Temp: /tmp/re2d_9
Workers: 10
Found 12 protein families: ['PF00004', 'PF00041', 'PF00072', 'PF00076', 'PF00096', 'PF00153', 'PF00271', 'PF00397', 'PF00512', 'PF00595', 'PF02518', 'PF07679']
Total pairs: 66

Pair 9: PF00004 x PF02518
Temp dir: /tmp/re2d_9

Loading DCA parameters and natural energies...
Data loaded in 5.4s
  PF00004: 110 AA (330 nt)
  PF02518: 101 AA (303 nt)
  PF00004 natural energy: mean=145.88, std=38.25
  PF02518 natural energy: mean=186.84, std=26.05

Overlap lengths: [297, 296, 295] (frames [0, 2, 1])

JIT warmup...
JIT warmup done in 5.7s
No checkpoint found, starting fresh

============================================================
Overlap 297 nt (frame 0) [1/3]
============================================================
  Repeat 1/10 done in 1242.3s (z_min=0.772, wass_min=24.23)
  Repeat 2/10 done in 1155.0s (z_min=0.822, wass_min=23.81)
Finished pair 9 at Wed  4 Mar 00:42:14 GMT 2026
