Starting pair 38 on compute-0-3.local at Wed  4 Mar 00:30:43 GMT 2026
CPUs: 10, Temp: /tmp/re2d_38
Workers: 10
Found 12 protein families: ['PF00004', 'PF00041', 'PF00072', 'PF00076', 'PF00096', 'PF00153', 'PF00271', 'PF00397', 'PF00512', 'PF00595', 'PF02518', 'PF07679']
Total pairs: 66

Pair 38: PF00096 x PF00153
Temp dir: /tmp/re2d_38

Loading DCA parameters and natural energies...
Data loaded in 2.1s
  PF00096: 23 AA (69 nt)
  PF00153: 85 AA (255 nt)
  PF00096 natural energy: mean=16.44, std=5.23
  PF00153 natural energy: mean=92.55, std=25.62

Overlap lengths: [63, 62, 61] (frames [0, 2, 1])

JIT warmup...
JIT warmup done in 4.7s
No checkpoint found, starting fresh

============================================================
Overlap 63 nt (frame 0) [1/3]
============================================================

SIGTERM received — saving checkpoint to /home/xzccaogk/OverlappingGenes/results_re2d/PF00096_PF00153_checkpoint.pkl

SIGTERM received — saving checkpoint to /home/xzccaogk/OverlappingGenes/results_re2d/PF00096_PF00153_checkpoint.pkl
Checkpoint saved. Exiting.
  Repeat 1/10 done in 815.4s (z_min=0.658, wass_min=7.09)
  Repeat 2/10 done in 833.7s (z_min=0.665, wass_min=6.97)
Finished pair 38 at Wed  4 Mar 01:06:15 GMT 2026
