Starting pair 29 on compute-0-0.local at Wed  4 Mar 00:15:30 GMT 2026
CPUs: 10, Temp: /tmp/re2d_29
Workers: 10
Found 12 protein families: ['PF00004', 'PF00041', 'PF00072', 'PF00076', 'PF00096', 'PF00153', 'PF00271', 'PF00397', 'PF00512', 'PF00595', 'PF02518', 'PF07679']
Total pairs: 66

Pair 29: PF00072 x PF07679
Temp dir: /tmp/re2d_29

Loading DCA parameters and natural energies...
Data loaded in 5.4s
  PF00072: 108 AA (324 nt)
  PF07679: 76 AA (228 nt)
  PF00072 natural energy: mean=201.37, std=29.97
  PF07679 natural energy: mean=63.66, std=19.08

Overlap lengths: [222, 221, 220] (frames [0, 2, 1])

JIT warmup...
JIT warmup done in 45.3s
No checkpoint found, starting fresh

============================================================
Overlap 222 nt (frame 0) [1/3]
============================================================
  Repeat 1/10 done in 1501.1s (z_min=0.549, wass_min=12.05)
  Repeat 2/10 done in 1485.1s (z_min=0.579, wass_min=11.82)
Finished pair 29 at Wed  4 Mar 01:30:17 GMT 2026
