Starting pair 39 on compute-0-3.local at Wed  4 Mar 00:31:47 GMT 2026
CPUs: 10, Temp: /tmp/re2d_39
Workers: 10
Found 12 protein families: ['PF00004', 'PF00041', 'PF00072', 'PF00076', 'PF00096', 'PF00153', 'PF00271', 'PF00397', 'PF00512', 'PF00595', 'PF02518', 'PF07679']
Total pairs: 66

Pair 39: PF00096 x PF00271
Temp dir: /tmp/re2d_39

Loading DCA parameters and natural energies...
Data loaded in 2.2s
  PF00096: 23 AA (69 nt)
  PF00271: 95 AA (285 nt)
  PF00096 natural energy: mean=16.44, std=5.23
  PF00271 natural energy: mean=149.58, std=27.18

Overlap lengths: [63, 62, 61] (frames [0, 2, 1])

JIT warmup...
JIT warmup done in 4.7s
No checkpoint found, starting fresh

============================================================
Overlap 63 nt (frame 0) [1/3]
============================================================
Finished pair 39 at Wed  4 Mar 00:42:10 GMT 2026
