Starting pair 62 on compute-0-2.local at Wed  4 Mar 00:46:18 GMT 2026
CPUs: 10, Temp: /tmp/re2d_62
Workers: 10
Found 12 protein families: ['PF00004', 'PF00041', 'PF00072', 'PF00076', 'PF00096', 'PF00153', 'PF00271', 'PF00397', 'PF00512', 'PF00595', 'PF02518', 'PF07679']
Total pairs: 66

Pair 62: PF00512 x PF07679
Temp dir: /tmp/re2d_62

Loading DCA parameters and natural energies...
Data loaded in 1.5s
  PF00512: 62 AA (186 nt)
  PF07679: 76 AA (228 nt)
  PF00512 natural energy: mean=105.72, std=17.69
  PF07679 natural energy: mean=63.66, std=19.08

Overlap lengths: [180, 179, 178] (frames [0, 2, 1])

JIT warmup...
JIT warmup done in 5.4s
No checkpoint found, starting fresh

============================================================
Overlap 180 nt (frame 0) [1/3]
============================================================
  Repeat 1/10 done in 813.9s (z_min=0.322, wass_min=6.50)
Finished pair 62 at Wed  4 Mar 01:11:34 GMT 2026
