Starting pair 36 on compute-0-3.local at Wed  4 Mar 00:29:16 GMT 2026
CPUs: 10, Temp: /tmp/re2d_36
Workers: 10
Found 12 protein families: ['PF00004', 'PF00041', 'PF00072', 'PF00076', 'PF00096', 'PF00153', 'PF00271', 'PF00397', 'PF00512', 'PF00595', 'PF02518', 'PF07679']
Total pairs: 66

Pair 36: PF00076 x PF02518
Temp dir: /tmp/re2d_36

Loading DCA parameters and natural energies...
Data loaded in 1.7s
  PF00076: 59 AA (177 nt)
  PF02518: 101 AA (303 nt)
  PF00076 natural energy: mean=80.85, std=17.50
  PF02518 natural energy: mean=186.84, std=26.05

Overlap lengths: [171, 170, 169] (frames [0, 2, 1])

JIT warmup...
JIT warmup done in 4.3s
No checkpoint found, starting fresh

============================================================
Overlap 171 nt (frame 0) [1/3]
============================================================
  Repeat 1/10 done in 966.5s (z_min=0.634, wass_min=8.92)
Finished pair 36 at Wed  4 Mar 00:57:41 GMT 2026
