Starting pair 52 on compute-0-3.local at Wed  4 Mar 00:33:55 GMT 2026
CPUs: 10, Temp: /tmp/re2d_52
Workers: 10
Found 12 protein families: ['PF00004', 'PF00041', 'PF00072', 'PF00076', 'PF00096', 'PF00153', 'PF00271', 'PF00397', 'PF00512', 'PF00595', 'PF02518', 'PF07679']
Total pairs: 66

Pair 52: PF00271 x PF00512
Temp dir: /tmp/re2d_52

Loading DCA parameters and natural energies...
Data loaded in 1.7s
  PF00271: 95 AA (285 nt)
  PF00512: 62 AA (186 nt)
  PF00271 natural energy: mean=149.58, std=27.18
  PF00512 natural energy: mean=105.72, std=17.69

Overlap lengths: [180, 179, 178] (frames [0, 2, 1])

JIT warmup...
JIT warmup done in 4.5s
No checkpoint found, starting fresh

============================================================
Overlap 180 nt (frame 0) [1/3]
============================================================

SIGTERM received — saving checkpoint to /home/xzccaogk/OverlappingGenes/results_re2d/PF00271_PF00512_checkpoint.pkl
Checkpoint saved. Exiting.
Finished pair 52 at Wed  4 Mar 00:45:03 GMT 2026
