mkdir: cannot create directory ‘/tmp/re2d_54’: No space left on device
Exception ignored in atexit callback <function _exit_function at 0x7f9df4999260>:
Traceback (most recent call last):
  File "/home/xzccaogk/miniforge3/lib/python3.13/multiprocessing/util.py", line 403, in _exit_function
    info('process shutting down')
  File "/home/xzccaogk/miniforge3/lib/python3.13/multiprocessing/util.py", line 53, in info
    def info(msg, *args):
  File "/home/xzccaogk/OverlappingGenes/re_2d_cluster.py", line 440, in sigterm_handler
    sys.exit(0)
SystemExit: 0
Exception ignored in atexit callback <function _exit_function at 0x7f9df4999260>:
Traceback (most recent call last):
  File "/home/xzccaogk/miniforge3/lib/python3.13/multiprocessing/util.py", line 426, in _exit_function
    for p in active_children():
  File "/home/xzccaogk/miniforge3/lib/python3.13/multiprocessing/process.py", line 43, in active_children
    def active_children():
  File "/home/xzccaogk/OverlappingGenes/re_2d_cluster.py", line 440, in sigterm_handler
    sys.exit(0)
SystemExit: 0
Exception ignored in atexit callback <function _exit_function at 0x7f9df4999260>:
Traceback (most recent call last):
  File "/home/xzccaogk/miniforge3/lib/python3.13/multiprocessing/util.py", line 403, in _exit_function
Exception ignored in atexit callback <function _exit_function at 0x7f9df4999260>:
Traceback (most recent call last):
  File "/home/xzccaogk/miniforge3/lib/python3.13/multiprocessing/util.py", line 403, in _exit_function
    info('process shutting down')
  File "/home/xzccaogk/miniforge3/lib/python3.13/multiprocessing/util.py", line 53, in info
    def info(msg, *args):
  File "/home/xzccaogk/OverlappingGenes/re_2d_cluster.py", line 440, in sigterm_handler
    info('process shutting down')
  File "/home/xzccaogk/miniforge3/lib/python3.13/multiprocessing/util.py", line 53, in info
    def info(msg, *args):
  File "/home/xzccaogk/OverlappingGenes/re_2d_cluster.py", line 438, in sigterm_handler
    save_checkpoint(ckpt_path, data)
  File "/home/xzccaogk/OverlappingGenes/re_2d_cluster.py", line 181, in save_checkpoint
    sys.exit(0)
SystemExit: 0
    os.replace(tmp_path, ckpt_path)
FileNotFoundError: [Errno 2] No such file or directory: '/home/xzccaogk/OverlappingGenes/results_re2d/PF00271_PF02518_checkpoint.pkl.tmp' -> '/home/xzccaogk/OverlappingGenes/results_re2d/PF00271_PF02518_checkpoint.pkl'
Exception ignored in atexit callback <function _exit_function at 0x7f9df4999260>:
Traceback (most recent call last):
  File "/home/xzccaogk/miniforge3/lib/python3.13/multiprocessing/util.py", line 403, in _exit_function
    info('process shutting down')
  File "/home/xzccaogk/miniforge3/lib/python3.13/multiprocessing/util.py", line 53, in info
    def info(msg, *args):
  File "/home/xzccaogk/OverlappingGenes/re_2d_cluster.py", line 438, in sigterm_handler
Exception ignored in atexit callback <function _exit_function at 0x7f9df4999260>:
    save_checkpoint(ckpt_path, data)
  File "/home/xzccaogk/OverlappingGenes/re_2d_cluster.py", line 181, in save_checkpoint
Traceback (most recent call last):
  File "/home/xzccaogk/miniforge3/lib/python3.13/multiprocessing/util.py", line 403, in _exit_function
    os.replace(tmp_path, ckpt_path)
FileNotFoundError: [Errno 2] No such file or directory: '/home/xzccaogk/OverlappingGenes/results_re2d/PF00271_PF02518_checkpoint.pkl.tmp' -> '/home/xzccaogk/OverlappingGenes/results_re2d/PF00271_PF02518_checkpoint.pkl'
    info('process shutting down')
  File "/home/xzccaogk/miniforge3/lib/python3.13/multiprocessing/util.py", line 53, in info
    def info(msg, *args):
  File "/home/xzccaogk/OverlappingGenes/re_2d_cluster.py", line 438, in sigterm_handler
    save_checkpoint(ckpt_path, data)
  File "/home/xzccaogk/OverlappingGenes/re_2d_cluster.py", line 181, in save_checkpoint
    os.replace(tmp_path, ckpt_path)
FileNotFoundError: [Errno 2] No such file or directory: '/home/xzccaogk/OverlappingGenes/results_re2d/PF00271_PF02518_checkpoint.pkl.tmp' -> '/home/xzccaogk/OverlappingGenes/results_re2d/PF00271_PF02518_checkpoint.pkl'
Exception ignored in atexit callback <function _exit_function at 0x7f9df4999260>:
Traceback (most recent call last):
  File "/home/xzccaogk/miniforge3/lib/python3.13/multiprocessing/util.py", line 403, in _exit_function
    info('process shutting down')
  File "/home/xzccaogk/miniforge3/lib/python3.13/multiprocessing/util.py", line 53, in info
    def info(msg, *args):
  File "/home/xzccaogk/OverlappingGenes/re_2d_cluster.py", line 440, in sigterm_handler
    sys.exit(0)
SystemExit: 0
Exception ignored in atexit callback <function _exit_function at 0x7f9df4999260>:
Traceback (most recent call last):
  File "/home/xzccaogk/miniforge3/lib/python3.13/multiprocessing/util.py", line 421, in _exit_function
    for p in active_children():
  File "/home/xzccaogk/miniforge3/lib/python3.13/multiprocessing/process.py", line 47, in active_children
    _cleanup()
  File "/home/xzccaogk/miniforge3/lib/python3.13/multiprocessing/process.py", line 61, in _cleanup
    def _cleanup():
  File "/home/xzccaogk/OverlappingGenes/re_2d_cluster.py", line 438, in sigterm_handler
    save_checkpoint(ckpt_path, data)
  File "/home/xzccaogk/OverlappingGenes/re_2d_cluster.py", line 181, in save_checkpoint
Exception ignored in atexit callback <function _exit_function at 0x7f9df4999260>:
Traceback (most recent call last):
  File "/home/xzccaogk/miniforge3/lib/python3.13/multiprocessing/util.py", line 403, in _exit_function
    os.replace(tmp_path, ckpt_path)
FileNotFoundError: [Errno 2] No such file or directory: '/home/xzccaogk/OverlappingGenes/results_re2d/PF00271_PF02518_checkpoint.pkl.tmp' -> '/home/xzccaogk/OverlappingGenes/results_re2d/PF00271_PF02518_checkpoint.pkl'
    info('process shutting down')
  File "/home/xzccaogk/miniforge3/lib/python3.13/multiprocessing/util.py", line 53, in info
    def info(msg, *args):
  File "/home/xzccaogk/OverlappingGenes/re_2d_cluster.py", line 438, in sigterm_handler
    save_checkpoint(ckpt_path, data)
  File "/home/xzccaogk/OverlappingGenes/re_2d_cluster.py", line 181, in save_checkpoint
    os.replace(tmp_path, ckpt_path)
FileNotFoundError: [Errno 2] No such file or directory: '/home/xzccaogk/OverlappingGenes/results_re2d/PF00271_PF02518_checkpoint.pkl.tmp' -> '/home/xzccaogk/OverlappingGenes/results_re2d/PF00271_PF02518_checkpoint.pkl'
Exception ignored in atexit callback <function _exit_function at 0x7f9df4999260>:
Traceback (most recent call last):
  File "/home/xzccaogk/miniforge3/lib/python3.13/multiprocessing/util.py", line 403, in _exit_function
    info('process shutting down')
  File "/home/xzccaogk/miniforge3/lib/python3.13/multiprocessing/util.py", line 53, in info
    def info(msg, *args):
  File "/home/xzccaogk/OverlappingGenes/re_2d_cluster.py", line 438, in sigterm_handler
    save_checkpoint(ckpt_path, data)
  File "/home/xzccaogk/OverlappingGenes/re_2d_cluster.py", line 181, in save_checkpoint
    os.replace(tmp_path, ckpt_path)
FileNotFoundError: [Errno 2] No such file or directory: '/home/xzccaogk/OverlappingGenes/results_re2d/PF00271_PF02518_checkpoint.pkl.tmp' -> '/home/xzccaogk/OverlappingGenes/results_re2d/PF00271_PF02518_checkpoint.pkl'
Exception ignored in atexit callback <function _exit_function at 0x7f9df4999260>:
Traceback (most recent call last):
  File "/home/xzccaogk/miniforge3/lib/python3.13/multiprocessing/util.py", line 403, in _exit_function
    info('process shutting down')
  File "/home/xzccaogk/miniforge3/lib/python3.13/multiprocessing/util.py", line 53, in info
    def info(msg, *args):
  File "/home/xzccaogk/OverlappingGenes/re_2d_cluster.py", line 438, in sigterm_handler
    save_checkpoint(ckpt_path, data)
  File "/home/xzccaogk/OverlappingGenes/re_2d_cluster.py", line 181, in save_checkpoint
    os.replace(tmp_path, ckpt_path)
FileNotFoundError: [Errno 2] No such file or directory: '/home/xzccaogk/OverlappingGenes/results_re2d/PF00271_PF02518_checkpoint.pkl.tmp' -> '/home/xzccaogk/OverlappingGenes/results_re2d/PF00271_PF02518_checkpoint.pkl'
Exception ignored in atexit callback <function _exit_function at 0x7f9df4999260>:
Traceback (most recent call last):
  File "/home/xzccaogk/miniforge3/lib/python3.13/multiprocessing/util.py", line 403, in _exit_function
    info('process shutting down')
  File "/home/xzccaogk/miniforge3/lib/python3.13/multiprocessing/util.py", line 53, in info
    def info(msg, *args):
  File "/home/xzccaogk/OverlappingGenes/re_2d_cluster.py", line 440, in sigterm_handler
    sys.exit(0)
SystemExit: 0
Exception ignored in atexit callback <function _exit_function at 0x7f9df4999260>:
Exception ignored in atexit callback <function _exit_function at 0x7f9df4999260>:
Traceback (most recent call last):
Traceback (most recent call last):
  File "/home/xzccaogk/miniforge3/lib/python3.13/multiprocessing/util.py", line 403, in _exit_function
  File "/home/xzccaogk/miniforge3/lib/python3.13/multiprocessing/util.py", line 403, in _exit_function
    info('process shutting down')
  File "/home/xzccaogk/miniforge3/lib/python3.13/multiprocessing/util.py", line 53, in info
    def info(msg, *args):
  File "/home/xzccaogk/OverlappingGenes/re_2d_cluster.py", line 440, in sigterm_handler
    info('process shutting down')
  File "/home/xzccaogk/miniforge3/lib/python3.13/multiprocessing/util.py", line 53, in info
    def info(msg, *args):
  File "/home/xzccaogk/OverlappingGenes/re_2d_cluster.py", line 438, in sigterm_handler
    save_checkpoint(ckpt_path, data)
  File "/home/xzccaogk/OverlappingGenes/re_2d_cluster.py", line 181, in save_checkpoint
    sys.exit(0)
SystemExit: 0
    os.replace(tmp_path, ckpt_path)
FileNotFoundError: [Errno 2] No such file or directory: '/home/xzccaogk/OverlappingGenes/results_re2d/PF00271_PF02518_checkpoint.pkl.tmp' -> '/home/xzccaogk/OverlappingGenes/results_re2d/PF00271_PF02518_checkpoint.pkl'
Process ForkPoolWorker-124:
Traceback (most recent call last):
  File "/home/xzccaogk/miniforge3/lib/python3.13/multiprocessing/process.py", line 313, in _bootstrap
    self.run()
    ~~~~~~~~^^
  File "/home/xzccaogk/miniforge3/lib/python3.13/multiprocessing/process.py", line 108, in run
    self._target(*self._args, **self._kwargs)
    ~~~~~~~~~~~~^^^^^^^^^^^^^^^^^^^^^^^^^^^^^
  File "/home/xzccaogk/miniforge3/lib/python3.13/multiprocessing/pool.py", line 140, in worker
    util.debug('worker exiting after %d tasks' % completed)
               ~~~~~~~~~~~~~~~~~~~~~~~~~~~~~~~~^~~~~~~~~~~
  File "/home/xzccaogk/OverlappingGenes/re_2d_cluster.py", line 438, in sigterm_handler
    save_checkpoint(ckpt_path, data)
    ~~~~~~~~~~~~~~~^^^^^^^^^^^^^^^^^
  File "/home/xzccaogk/OverlappingGenes/re_2d_cluster.py", line 181, in save_checkpoint
    os.replace(tmp_path, ckpt_path)
    ~~~~~~~~~~^^^^^^^^^^^^^^^^^^^^^
FileNotFoundError: [Errno 2] No such file or directory: '/home/xzccaogk/OverlappingGenes/results_re2d/PF00271_PF02518_checkpoint.pkl.tmp' -> '/home/xzccaogk/OverlappingGenes/results_re2d/PF00271_PF02518_checkpoint.pkl'
Exception ignored in atexit callback <function _exit_function at 0x7f9df4999260>:
Traceback (most recent call last):
  File "/home/xzccaogk/miniforge3/lib/python3.13/multiprocessing/util.py", line 403, in _exit_function
Exception ignored in atexit callback <function _exit_function at 0x7f9df4999260>:
Traceback (most recent call last):
  File "/home/xzccaogk/miniforge3/lib/python3.13/multiprocessing/util.py", line 403, in _exit_function
    info('process shutting down')
  File "/home/xzccaogk/miniforge3/lib/python3.13/multiprocessing/util.py", line 53, in info
    def info(msg, *args):
  File "/home/xzccaogk/OverlappingGenes/re_2d_cluster.py", line 440, in sigterm_handler
    info('process shutting down')
  File "/home/xzccaogk/miniforge3/lib/python3.13/multiprocessing/util.py", line 53, in info
    def info(msg, *args):
  File "/home/xzccaogk/OverlappingGenes/re_2d_cluster.py", line 438, in sigterm_handler
    sys.exit(0)
SystemExit: 0
    save_checkpoint(ckpt_path, data)
  File "/home/xzccaogk/OverlappingGenes/re_2d_cluster.py", line 181, in save_checkpoint
    os.replace(tmp_path, ckpt_path)
FileNotFoundError: [Errno 2] No such file or directory: '/home/xzccaogk/OverlappingGenes/results_re2d/PF00271_PF02518_checkpoint.pkl.tmp' -> '/home/xzccaogk/OverlappingGenes/results_re2d/PF00271_PF02518_checkpoint.pkl'
Exception ignored in atexit callback <function _exit_function at 0x7f9df4999260>:
Traceback (most recent call last):
  File "/home/xzccaogk/miniforge3/lib/python3.13/multiprocessing/util.py", line 403, in _exit_function
    info('process shutting down')
  File "/home/xzccaogk/miniforge3/lib/python3.13/multiprocessing/util.py", line 53, in info
    def info(msg, *args):
  File "/home/xzccaogk/OverlappingGenes/re_2d_cluster.py", line 440, in sigterm_handler
    sys.exit(0)
SystemExit: 0
Exception ignored in atexit callback <function _exit_function at 0x7f9df4999260>:
Traceback (most recent call last):
  File "/home/xzccaogk/miniforge3/lib/python3.13/multiprocessing/util.py", line 403, in _exit_function
Exception ignored in atexit callback <function _exit_function at 0x7f9df4999260>:
Traceback (most recent call last):
  File "/home/xzccaogk/miniforge3/lib/python3.13/multiprocessing/util.py", line 403, in _exit_function
    info('process shutting down')
  File "/home/xzccaogk/miniforge3/lib/python3.13/multiprocessing/util.py", line 53, in info
    info('process shutting down')
  File "/home/xzccaogk/miniforge3/lib/python3.13/multiprocessing/util.py", line 53, in info
    def info(msg, *args):
  File "/home/xzccaogk/OverlappingGenes/re_2d_cluster.py", line 440, in sigterm_handler
    def info(msg, *args):
  File "/home/xzccaogk/OverlappingGenes/re_2d_cluster.py", line 438, in sigterm_handler
    sys.exit(0)
SystemExit: 0
    save_checkpoint(ckpt_path, data)
  File "/home/xzccaogk/OverlappingGenes/re_2d_cluster.py", line 181, in save_checkpoint
    os.replace(tmp_path, ckpt_path)
FileNotFoundError: [Errno 2] No such file or directory: '/home/xzccaogk/OverlappingGenes/results_re2d/PF00271_PF02518_checkpoint.pkl.tmp' -> '/home/xzccaogk/OverlappingGenes/results_re2d/PF00271_PF02518_checkpoint.pkl'
Exception ignored in atexit callback <function _exit_function at 0x7f9df4999260>:
Traceback (most recent call last):
  File "/home/xzccaogk/miniforge3/lib/python3.13/multiprocessing/util.py", line 403, in _exit_function
    info('process shutting down')
  File "/home/xzccaogk/miniforge3/lib/python3.13/multiprocessing/util.py", line 53, in info
    def info(msg, *args):
  File "/home/xzccaogk/OverlappingGenes/re_2d_cluster.py", line 440, in sigterm_handler
    sys.exit(0)
SystemExit: 0
Exception ignored in atexit callback <function _exit_function at 0x7f9df4999260>:
Traceback (most recent call last):
  File "/home/xzccaogk/miniforge3/lib/python3.13/multiprocessing/util.py", line 403, in _exit_function
    info('process shutting down')
  File "/home/xzccaogk/miniforge3/lib/python3.13/multiprocessing/util.py", line 53, in info
    def info(msg, *args):
  File "/home/xzccaogk/OverlappingGenes/re_2d_cluster.py", line 438, in sigterm_handler
    save_checkpoint(ckpt_path, data)
  File "/home/xzccaogk/OverlappingGenes/re_2d_cluster.py", line 181, in save_checkpoint
    os.replace(tmp_path, ckpt_path)
FileNotFoundError: [Errno 2] No such file or directory: '/home/xzccaogk/OverlappingGenes/results_re2d/PF00271_PF02518_checkpoint.pkl.tmp' -> '/home/xzccaogk/OverlappingGenes/results_re2d/PF00271_PF02518_checkpoint.pkl'
Exception ignored in atexit callback <function _exit_function at 0x7f9df4999260>:
Traceback (most recent call last):
  File "/home/xzccaogk/miniforge3/lib/python3.13/multiprocessing/util.py", line 403, in _exit_function
    info('process shutting down')
  File "/home/xzccaogk/miniforge3/lib/python3.13/multiprocessing/util.py", line 53, in info
    def info(msg, *args):
  File "/home/xzccaogk/OverlappingGenes/re_2d_cluster.py", line 440, in sigterm_handler
    sys.exit(0)
SystemExit: 0
Exception ignored in atexit callback <function _exit_function at 0x7f9df4999260>:
Exception ignored in atexit callback <function _exit_function at 0x7f9df4999260>:
Traceback (most recent call last):
  File "/home/xzccaogk/miniforge3/lib/python3.13/multiprocessing/util.py", line 403, in _exit_function
Traceback (most recent call last):
  File "/home/xzccaogk/miniforge3/lib/python3.13/multiprocessing/util.py", line 403, in _exit_function
Exception ignored in atexit callback <function _exit_function at 0x7f9df4999260>:
Traceback (most recent call last):
  File "/home/xzccaogk/miniforge3/lib/python3.13/multiprocessing/util.py", line 403, in _exit_function
    info('process shutting down')
  File "/home/xzccaogk/miniforge3/lib/python3.13/multiprocessing/util.py", line 53, in info
    def info(msg, *args):
  File "/home/xzccaogk/OverlappingGenes/re_2d_cluster.py", line 438, in sigterm_handler
    info('process shutting down')
    info('process shutting down')
  File "/home/xzccaogk/miniforge3/lib/python3.13/multiprocessing/util.py", line 53, in info
  File "/home/xzccaogk/miniforge3/lib/python3.13/multiprocessing/util.py", line 53, in info
    def info(msg, *args):
  File "/home/xzccaogk/OverlappingGenes/re_2d_cluster.py", line 440, in sigterm_handler
    def info(msg, *args):
  File "/home/xzccaogk/OverlappingGenes/re_2d_cluster.py", line 438, in sigterm_handler
    save_checkpoint(ckpt_path, data)
  File "/home/xzccaogk/OverlappingGenes/re_2d_cluster.py", line 181, in save_checkpoint
    os.replace(tmp_path, ckpt_path)
FileNotFoundError: [Errno 2] No such file or directory: '/home/xzccaogk/OverlappingGenes/results_re2d/PF00271_PF02518_checkpoint.pkl.tmp' -> '/home/xzccaogk/OverlappingGenes/results_re2d/PF00271_PF02518_checkpoint.pkl'
    save_checkpoint(ckpt_path, data)
    sys.exit(0)
  File "/home/xzccaogk/OverlappingGenes/re_2d_cluster.py", line 181, in save_checkpoint
SystemExit: 0
    os.replace(tmp_path, ckpt_path)
FileNotFoundError: [Errno 2] No such file or directory: '/home/xzccaogk/OverlappingGenes/results_re2d/PF00271_PF02518_checkpoint.pkl.tmp' -> '/home/xzccaogk/OverlappingGenes/results_re2d/PF00271_PF02518_checkpoint.pkl'
Exception ignored in atexit callback <function _exit_function at 0x7f9df4999260>:
Traceback (most recent call last):
  File "/home/xzccaogk/miniforge3/lib/python3.13/multiprocessing/util.py", line 403, in _exit_function
    info('process shutting down')
  File "/home/xzccaogk/miniforge3/lib/python3.13/multiprocessing/util.py", line 53, in info
    def info(msg, *args):
  File "/home/xzccaogk/OverlappingGenes/re_2d_cluster.py", line 438, in sigterm_handler
    save_checkpoint(ckpt_path, data)
  File "/home/xzccaogk/OverlappingGenes/re_2d_cluster.py", line 181, in save_checkpoint
    os.replace(tmp_path, ckpt_path)
FileNotFoundError: [Errno 2] No such file or directory: '/home/xzccaogk/OverlappingGenes/results_re2d/PF00271_PF02518_checkpoint.pkl.tmp' -> '/home/xzccaogk/OverlappingGenes/results_re2d/PF00271_PF02518_checkpoint.pkl'
Exception ignored in atexit callback <function _exit_function at 0x7f9df4999260>:
Traceback (most recent call last):
  File "/home/xzccaogk/miniforge3/lib/python3.13/multiprocessing/util.py", line 403, in _exit_function
    info('process shutting down')
  File "/home/xzccaogk/miniforge3/lib/python3.13/multiprocessing/util.py", line 53, in info
    def info(msg, *args):
  File "/home/xzccaogk/OverlappingGenes/re_2d_cluster.py", line 438, in sigterm_handler
    save_checkpoint(ckpt_path, data)
  File "/home/xzccaogk/OverlappingGenes/re_2d_cluster.py", line 181, in save_checkpoint
    os.replace(tmp_path, ckpt_path)
FileNotFoundError: [Errno 2] No such file or directory: '/home/xzccaogk/OverlappingGenes/results_re2d/PF00271_PF02518_checkpoint.pkl.tmp' -> '/home/xzccaogk/OverlappingGenes/results_re2d/PF00271_PF02518_checkpoint.pkl'
Exception ignored in atexit callback <function _exit_function at 0x7f9df4999260>:
Traceback (most recent call last):
  File "/home/xzccaogk/miniforge3/lib/python3.13/multiprocessing/util.py", line 403, in _exit_function
    info('process shutting down')
  File "/home/xzccaogk/miniforge3/lib/python3.13/multiprocessing/util.py", line 53, in info
    def info(msg, *args):
  File "/home/xzccaogk/OverlappingGenes/re_2d_cluster.py", line 440, in sigterm_handler
    sys.exit(0)
SystemExit: 0
Exception ignored in atexit callback <function _exit_function at 0x7f9df4999260>:
Traceback (most recent call last):
  File "/home/xzccaogk/miniforge3/lib/python3.13/multiprocessing/util.py", line 403, in _exit_function
    info('process shutting down')
  File "/home/xzccaogk/miniforge3/lib/python3.13/multiprocessing/util.py", line 53, in info
    def info(msg, *args):
  File "/home/xzccaogk/OverlappingGenes/re_2d_cluster.py", line 438, in sigterm_handler
    save_checkpoint(ckpt_path, data)
  File "/home/xzccaogk/OverlappingGenes/re_2d_cluster.py", line 181, in save_checkpoint
    os.replace(tmp_path, ckpt_path)
FileNotFoundError: [Errno 2] No such file or directory: '/home/xzccaogk/OverlappingGenes/results_re2d/PF00271_PF02518_checkpoint.pkl.tmp' -> '/home/xzccaogk/OverlappingGenes/results_re2d/PF00271_PF02518_checkpoint.pkl'
Exception ignored in atexit callback <function _exit_function at 0x7f9df4999260>:
Traceback (most recent call last):
  File "/home/xzccaogk/miniforge3/lib/python3.13/multiprocessing/util.py", line 391, in _exit_function
Exception ignored in atexit callback <function _exit_function at 0x7f9df4999260>:
Traceback (most recent call last):
  File "/home/xzccaogk/miniforge3/lib/python3.13/multiprocessing/util.py", line 403, in _exit_function
    def _exit_function(info=info, debug=debug, _run_finalizers=_run_finalizers,
  File "/home/xzccaogk/OverlappingGenes/re_2d_cluster.py", line 440, in sigterm_handler
    info('process shutting down')
  File "/home/xzccaogk/miniforge3/lib/python3.13/multiprocessing/util.py", line 53, in info
    def info(msg, *args):
  File "/home/xzccaogk/OverlappingGenes/re_2d_cluster.py", line 438, in sigterm_handler
    sys.exit(0)
SystemExit: 0
    save_checkpoint(ckpt_path, data)
  File "/home/xzccaogk/OverlappingGenes/re_2d_cluster.py", line 181, in save_checkpoint
    os.replace(tmp_path, ckpt_path)
FileNotFoundError: [Errno 2] No such file or directory: '/home/xzccaogk/OverlappingGenes/results_re2d/PF00271_PF02518_checkpoint.pkl.tmp' -> '/home/xzccaogk/OverlappingGenes/results_re2d/PF00271_PF02518_checkpoint.pkl'
