Starting pair 2 on compute-0-1.local at Tue  3 Mar 23:41:03 GMT 2026
CPUs: 10, Temp: /tmp/re2d_2
Workers: 10
Found 12 protein families: ['PF00004', 'PF00041', 'PF00072', 'PF00076', 'PF00096', 'PF00153', 'PF00271', 'PF00397', 'PF00512', 'PF00595', 'PF02518', 'PF07679']
Total pairs: 66

Pair 2: PF00004 x PF00076
Temp dir: /tmp/re2d_2

Loading DCA parameters and natural energies...
Data loaded in 4.4s
  PF00004: 110 AA (330 nt)
  PF00076: 59 AA (177 nt)
  PF00004 natural energy: mean=145.88, std=38.25
  PF00076 natural energy: mean=80.85, std=17.50

Overlap lengths: [171, 170, 169] (frames [0, 2, 1])

JIT warmup...
JIT warmup done in 34.4s
No checkpoint found, starting fresh

============================================================
Overlap 171 nt (frame 0) [1/3]
============================================================
  Repeat 1/10 done in 1273.5s (z_min=0.495, wass_min=17.49)
  Repeat 2/10 done in 1235.8s (z_min=0.360, wass_min=17.96)
  Repeat 3/10 done in 1254.3s (z_min=0.504, wass_min=14.34)
  Repeat 4/10 done in 1231.5s (z_min=0.347, wass_min=17.10)
  Repeat 5/10 done in 1198.5s (z_min=0.446, wass_min=16.53)
  Repeat 6/10 done in 1205.6s (z_min=0.270, wass_min=16.66)
  Repeat 7/10 done in 1043.3s (z_min=0.436, wass_min=17.57)
  Repeat 8/10 done in 1038.0s (z_min=0.377, wass_min=16.96)
  Repeat 9/10 done in 1051.8s (z_min=0.387, wass_min=18.52)
Finished pair 2 at Wed  4 Mar 02:54:30 GMT 2026
