Starting pair 5 on compute-0-3.local at Tue  3 Mar 23:41:03 GMT 2026
CPUs: 10, Temp: /tmp/re2d_5
Workers: 10
Found 12 protein families: ['PF00004', 'PF00041', 'PF00072', 'PF00076', 'PF00096', 'PF00153', 'PF00271', 'PF00397', 'PF00512', 'PF00595', 'PF02518', 'PF07679']
Total pairs: 66

Pair 5: PF00004 x PF00271
Temp dir: /tmp/re2d_5

Loading DCA parameters and natural energies...
Data loaded in 5.8s
  PF00004: 110 AA (330 nt)
  PF00271: 95 AA (285 nt)
  PF00004 natural energy: mean=145.88, std=38.25
  PF00271 natural energy: mean=149.58, std=27.18

Overlap lengths: [279, 278, 277] (frames [0, 2, 1])

JIT warmup...
JIT warmup done in 6.3s
No checkpoint found, starting fresh

============================================================
Overlap 279 nt (frame 0) [1/3]
============================================================
  Repeat 1/10 done in 1235.9s (z_min=1.616, wass_min=35.96)
Finished pair 5 at Wed  4 Mar 00:22:21 GMT 2026
