Starting pair 26 on compute-0-0.local at Wed  4 Mar 00:15:30 GMT 2026
CPUs: 10, Temp: /tmp/re2d_26
Workers: 10
Found 12 protein families: ['PF00004', 'PF00041', 'PF00072', 'PF00076', 'PF00096', 'PF00153', 'PF00271', 'PF00397', 'PF00512', 'PF00595', 'PF02518', 'PF07679']
Total pairs: 66

Pair 26: PF00072 x PF00512
Temp dir: /tmp/re2d_26

Loading DCA parameters and natural energies...
Data loaded in 5.0s
  PF00072: 108 AA (324 nt)
  PF00512: 62 AA (186 nt)
  PF00072 natural energy: mean=201.37, std=29.97
  PF00512 natural energy: mean=105.72, std=17.69

Overlap lengths: [180, 179, 178] (frames [0, 2, 1])

JIT warmup...
JIT warmup done in 45.7s
No checkpoint found, starting fresh

============================================================
Overlap 180 nt (frame 0) [1/3]
============================================================
  Repeat 1/10 done in 1437.2s (z_min=0.809, wass_min=9.75)
  Repeat 2/10 done in 1442.3s (z_min=0.830, wass_min=9.49)
  Repeat 3/10 done in 1294.7s (z_min=0.859, wass_min=9.05)
Finished pair 26 at Wed  4 Mar 01:48:07 GMT 2026
