Starting pair 37 on compute-0-3.local at Wed  4 Mar 00:30:16 GMT 2026
CPUs: 10, Temp: /tmp/re2d_37
Workers: 10
Found 12 protein families: ['PF00004', 'PF00041', 'PF00072', 'PF00076', 'PF00096', 'PF00153', 'PF00271', 'PF00397', 'PF00512', 'PF00595', 'PF02518', 'PF07679']
Total pairs: 66

Pair 37: PF00076 x PF07679
Temp dir: /tmp/re2d_37

Loading DCA parameters and natural energies...
Data loaded in 1.6s
  PF00076: 59 AA (177 nt)
  PF07679: 76 AA (228 nt)
  PF00076 natural energy: mean=80.85, std=17.50
  PF07679 natural energy: mean=63.66, std=19.08

Overlap lengths: [171, 170, 169] (frames [0, 2, 1])

JIT warmup...
JIT warmup done in 4.8s
No checkpoint found, starting fresh

============================================================
Overlap 171 nt (frame 0) [1/3]
============================================================
Finished pair 37 at Wed  4 Mar 00:41:23 GMT 2026
