Starting pair 64 on compute-0-5.local at Wed  4 Mar 00:47:44 GMT 2026
CPUs: 10, Temp: /tmp/re2d_64
Workers: 10
Found 12 protein families: ['PF00004', 'PF00041', 'PF00072', 'PF00076', 'PF00096', 'PF00153', 'PF00271', 'PF00397', 'PF00512', 'PF00595', 'PF02518', 'PF07679']
Total pairs: 66

Pair 64: PF00595 x PF07679
Temp dir: /tmp/re2d_64

Loading DCA parameters and natural energies...
Data loaded in 1.2s
  PF00595: 71 AA (213 nt)
  PF07679: 76 AA (228 nt)
  PF00595 natural energy: mean=87.53, std=17.89
  PF07679 natural energy: mean=63.66, std=19.08

Overlap lengths: [207, 206, 205] (frames [0, 2, 1])

JIT warmup...
JIT warmup done in 4.2s
No checkpoint found, starting fresh

============================================================
Overlap 207 nt (frame 0) [1/3]
============================================================
  Repeat 1/10 done in 624.2s (z_min=0.271, wass_min=9.87)
  Repeat 2/10 done in 522.7s (z_min=0.325, wass_min=9.47)

SIGTERM received — saving checkpoint to /home/xzccaogk/OverlappingGenes/results_re2d/PF00595_PF07679_checkpoint.pkl
Checkpoint saved. Exiting.

SIGTERM received — saving checkpoint to /home/xzccaogk/OverlappingGenes/results_re2d/PF00595_PF07679_checkpoint.pkl

SIGTERM received — saving checkpoint to /home/xzccaogk/OverlappingGenes/results_re2d/PF00595_PF07679_checkpoint.pkl

SIGTERM received — saving checkpoint to /home/xzccaogk/OverlappingGenes/results_re2d/PF00595_PF07679_checkpoint.pkl

SIGTERM received — saving checkpoint to /home/xzccaogk/OverlappingGenes/results_re2d/PF00595_PF07679_checkpoint.pkl
Finished pair 64 at Wed  4 Mar 01:14:07 GMT 2026
