Starting pair 4 on compute-0-3.local at Tue  3 Mar 23:41:04 GMT 2026
CPUs: 10, Temp: /tmp/re2d_4
Workers: 10
Found 12 protein families: ['PF00004', 'PF00041', 'PF00072', 'PF00076', 'PF00096', 'PF00153', 'PF00271', 'PF00397', 'PF00512', 'PF00595', 'PF02518', 'PF07679']
Total pairs: 66

Pair 4: PF00004 x PF00153
Temp dir: /tmp/re2d_4

Loading DCA parameters and natural energies...
Data loaded in 5.4s
  PF00004: 110 AA (330 nt)
  PF00153: 85 AA (255 nt)
  PF00004 natural energy: mean=145.88, std=38.25
  PF00153 natural energy: mean=92.55, std=25.62

Overlap lengths: [249, 248, 247] (frames [0, 2, 1])

JIT warmup...
JIT warmup done in 6.6s
No checkpoint found, starting fresh

============================================================
Overlap 249 nt (frame 0) [1/3]
============================================================
  Repeat 1/10 done in 1231.1s (z_min=1.540, wass_min=32.90)

SIGTERM received — saving checkpoint to /home/xzccaogk/OverlappingGenes/results_re2d/PF00004_PF00153_checkpoint.pkl
Checkpoint saved. Exiting.
Finished pair 4 at Wed  4 Mar 00:21:51 GMT 2026
