Starting pair 8 on compute-0-3.local at Tue  3 Mar 23:41:04 GMT 2026
CPUs: 10, Temp: /tmp/re2d_8
Workers: 10
Found 12 protein families: ['PF00004', 'PF00041', 'PF00072', 'PF00076', 'PF00096', 'PF00153', 'PF00271', 'PF00397', 'PF00512', 'PF00595', 'PF02518', 'PF07679']
Total pairs: 66

Pair 8: PF00004 x PF00595
Temp dir: /tmp/re2d_8

Loading DCA parameters and natural energies...
Data loaded in 5.3s
  PF00004: 110 AA (330 nt)
  PF00595: 71 AA (213 nt)
  PF00004 natural energy: mean=145.88, std=38.25
  PF00595 natural energy: mean=87.53, std=17.89

Overlap lengths: [207, 206, 205] (frames [0, 2, 1])

JIT warmup...
JIT warmup done in 6.7s
No checkpoint found, starting fresh

============================================================
Overlap 207 nt (frame 0) [1/3]
============================================================
  Repeat 1/10 done in 1014.5s (z_min=1.034, wass_min=22.28)
Finished pair 8 at Wed  4 Mar 00:15:39 GMT 2026
