Starting pair 32 on compute-0-3.local at Wed  4 Mar 00:16:49 GMT 2026
CPUs: 10, Temp: /tmp/re2d_32
Workers: 10
Found 12 protein families: ['PF00004', 'PF00041', 'PF00072', 'PF00076', 'PF00096', 'PF00153', 'PF00271', 'PF00397', 'PF00512', 'PF00595', 'PF02518', 'PF07679']
Total pairs: 66

Pair 32: PF00076 x PF00271
Temp dir: /tmp/re2d_32

Loading DCA parameters and natural energies...
Data loaded in 2.1s
  PF00076: 59 AA (177 nt)
  PF00271: 95 AA (285 nt)
  PF00076 natural energy: mean=80.85, std=17.50
  PF00271 natural energy: mean=149.58, std=27.18

Overlap lengths: [171, 170, 169] (frames [0, 2, 1])

JIT warmup...
JIT warmup done in 21.3s
No checkpoint found, starting fresh

============================================================
Overlap 171 nt (frame 0) [1/3]
============================================================
Finished pair 32 at Wed  4 Mar 00:30:42 GMT 2026
