Exception ignored in atexit callback <function _exit_function at 0x7fe3f5161260>:
Exception ignored in atexit callback <function _exit_function at 0x7fe3f5161260>:
Traceback (most recent call last):
  File "/home/xzccaogk/miniforge3/lib/python3.13/multiprocessing/util.py", line 391, in _exit_function
Traceback (most recent call last):
Exception ignored in atexit callback <function _exit_function at 0x7fe3f5161260>:
  File "/home/xzccaogk/miniforge3/lib/python3.13/multiprocessing/util.py", line 405, in _exit_function
Traceback (most recent call last):
  File "/home/xzccaogk/miniforge3/lib/python3.13/multiprocessing/util.py", line 403, in _exit_function
    _run_finalizers(0)
    def _exit_function(info=info, debug=debug, _run_finalizers=_run_finalizers,
  File "/home/xzccaogk/miniforge3/lib/python3.13/multiprocessing/util.py", line 362, in _run_finalizers
  File "/home/xzccaogk/OverlappingGenes/re_2d_cluster.py", line 438, in sigterm_handler
    info('process shutting down')
    keys = [key for key in list(_finalizer_registry) if f(key)]
  File "/home/xzccaogk/OverlappingGenes/re_2d_cluster.py", line 440, in sigterm_handler
  File "/home/xzccaogk/miniforge3/lib/python3.13/multiprocessing/util.py", line 53, in info
    def info(msg, *args):
    save_checkpoint(ckpt_path, data)
    sys.exit(0)
  File "/home/xzccaogk/OverlappingGenes/re_2d_cluster.py", line 181, in save_checkpoint
SystemExit: 0
  File "/home/xzccaogk/OverlappingGenes/re_2d_cluster.py", line 438, in sigterm_handler
    os.replace(tmp_path, ckpt_path)
FileNotFoundError: [Errno 2] No such file or directory: '/home/xzccaogk/OverlappingGenes/results_re2d/PF00041_PF00271_checkpoint.pkl.tmp' -> '/home/xzccaogk/OverlappingGenes/results_re2d/PF00041_PF00271_checkpoint.pkl'
    save_checkpoint(ckpt_path, data)
  File "/home/xzccaogk/OverlappingGenes/re_2d_cluster.py", line 181, in save_checkpoint
    os.replace(tmp_path, ckpt_path)
FileNotFoundError: [Errno 2] No such file or directory: '/home/xzccaogk/OverlappingGenes/results_re2d/PF00041_PF00271_checkpoint.pkl.tmp' -> '/home/xzccaogk/OverlappingGenes/results_re2d/PF00041_PF00271_checkpoint.pkl'
/var/spool/slurmd/job41105/slurm_script: line 38: 93160 Bus error               python "${SCRIPT_DIR}/re_2d_cluster.py" --pair-index "${SLURM_ARRAY_TASK_ID}" --workers "${SLURM_CPUS_PER_TASK}" --output-dir "${OUTPUT_DIR}" --data-dir "${DATA_DIR}" --resume
