Starting pair 45 on compute-0-5.local at Wed  4 Mar 00:33:05 GMT 2026
CPUs: 10, Temp: /tmp/re2d_45
Workers: 10
Found 12 protein families: ['PF00004', 'PF00041', 'PF00072', 'PF00076', 'PF00096', 'PF00153', 'PF00271', 'PF00397', 'PF00512', 'PF00595', 'PF02518', 'PF07679']
Total pairs: 66

Pair 45: PF00153 x PF00271
Temp dir: /tmp/re2d_45

Loading DCA parameters and natural energies...
Data loaded in 1.8s
  PF00153: 85 AA (255 nt)
  PF00271: 95 AA (285 nt)
  PF00153 natural energy: mean=92.55, std=25.62
  PF00271 natural energy: mean=149.58, std=27.18

Overlap lengths: [249, 248, 247] (frames [0, 2, 1])

JIT warmup...
JIT warmup done in 7.9s
No checkpoint found, starting fresh

============================================================
Overlap 249 nt (frame 0) [1/3]
============================================================
  Repeat 1/10 done in 765.9s (z_min=0.645, wass_min=18.33)
Finished pair 45 at Wed  4 Mar 00:56:36 GMT 2026
