Starting pair 19 on compute-0-2.local at Tue  3 Mar 23:41:06 GMT 2026
CPUs: 10, Temp: /tmp/re2d_19
Workers: 10
Found 12 protein families: ['PF00004', 'PF00041', 'PF00072', 'PF00076', 'PF00096', 'PF00153', 'PF00271', 'PF00397', 'PF00512', 'PF00595', 'PF02518', 'PF07679']
Total pairs: 66

Pair 19: PF00041 x PF02518
Temp dir: /tmp/re2d_19

Loading DCA parameters and natural energies...
Data loaded in 5.2s
  PF00041: 74 AA (222 nt)
  PF02518: 101 AA (303 nt)
  PF00041 natural energy: mean=120.66, std=17.64
  PF02518 natural energy: mean=186.84, std=26.05

Overlap lengths: [216, 215, 214] (frames [0, 2, 1])

JIT warmup...
JIT warmup done in 6.6s
No checkpoint found, starting fresh

============================================================
Overlap 216 nt (frame 0) [1/3]
============================================================
  Repeat 1/10 done in 1222.3s (z_min=0.743, wass_min=9.11)
  Repeat 2/10 done in 1083.3s (z_min=0.757, wass_min=9.03)
  Repeat 3/10 done in 1080.9s (z_min=0.786, wass_min=8.61)
  Repeat 4/10 done in 1118.4s (z_min=0.738, wass_min=9.06)
Finished pair 19 at Wed  4 Mar 01:13:41 GMT 2026
